// Jest Snapshot v1, https://goo.gl/fbAQLP

exports[`NotificationList renders a list of messages 1`] = `
<NotificationList>
  <NotificationGroup
    key="negative"
    notifications={
      Array [
        Object {
          "category": "error",
          "id": 1,
          "message": "an error",
        },
      ]
    }
    type="negative"
  >
    <div
      className="row p-notification--group"
    >
      <div
        className="p-notification--negative"
      >
        <div
          className="p-notification__toggle"
        >
          <NotificationGroupMessage
            actionHandler={[Function]}
            id={1}
            message="an error"
          >
            <div
              className="p-notification__response u-no-max-width"
            >
              <ul
                className="p-inline-list u-no-margin--bottom"
              >
                <li
                  className="p-inline-list__item"
                >
                  <span
                    dangerouslySetInnerHTML={
                      Object {
                        "__html": "an error",
                      }
                    }
                    data-test="notification-message"
                  />
                </li>
              </ul>
            </div>
          </NotificationGroupMessage>
        </div>
      </div>
    </div>
  </NotificationGroup>
  <Notification
    close={[Function]}
    key="1"
  >
    <div
      className="p-notification"
    >
      <p
        className="p-notification__response"
      >
        User deleted
      </p>
      <button
        aria-label="Close notification"
        className="p-icon--close"
        onClick={[Function]}
      >
        Close
      </button>
    </div>
  </Notification>
</NotificationList>
`;
