// Jest Snapshot v1, https://goo.gl/fbAQLP

exports[`NotificationList renders a list of messages 1`] = `
<NotificationList>
  <NotificationGroup
    key="negative"
    notifications={
      Array [
        Object {
          "category": "error",
          "id": 1,
          "message": "an error",
        },
      ]
    }
    type="negative"
  >
    <div
      className="p-notification--group"
    >
      <Notification
        close={null}
        key="1"
        type="negative"
      >
        <div
          className="p-notification--negative"
        >
          <p
            className="p-notification__response"
          >
            <span
              dangerouslySetInnerHTML={
                Object {
                  "__html": "an error",
                }
              }
              data-test="notification-message"
            />
          </p>
        </div>
      </Notification>
    </div>
  </NotificationGroup>
  <Notification
    close={[Function]}
    data-test="message"
    key="1"
  >
    <div
      className="p-notification"
      data-test="message"
    >
      <p
        className="p-notification__response"
      >
        User deleted
      </p>
      <button
        aria-label="Close notification"
        className="p-icon--close"
        onClick={[Function]}
      >
        Close
      </button>
    </div>
  </Notification>
</NotificationList>
`;
