// Jest Snapshot v1, https://goo.gl/fbAQLP

exports[`SideNav renders 1`] = `
<SideNav
  history={
    Object {
      "action": "POP",
      "block": [Function],
      "canGo": [Function],
      "createHref": [Function],
      "entries": Array [
        Object {
          "hash": "",
          "key": "testKey",
          "pathname": "/settings",
          "search": "",
        },
      ],
      "go": [Function],
      "goBack": [Function],
      "goForward": [Function],
      "index": 0,
      "length": 1,
      "listen": [Function],
      "location": Object {
        "hash": "",
        "key": "testKey",
        "pathname": "/settings",
        "search": "",
      },
      "push": [Function],
      "replace": [Function],
    }
  }
  items={
    Array [
      Object {
        "label": "Configuration",
        "subNav": Array [
          Object {
            "label": "General",
            "path": "configuration/general",
          },
          Object {
            "label": "Commissioning",
            "path": "configuration/commissioning",
          },
          Object {
            "label": "Deploy",
            "path": "configuration/deploy",
          },
          Object {
            "label": "Kernel parameters",
            "path": "configuration/kernel-parameters",
          },
        ],
      },
      Object {
        "label": "Users",
        "path": "users",
      },
    ]
  }
  location={
    Object {
      "hash": "",
      "key": "testKey",
      "pathname": "/settings",
      "search": "",
    }
  }
  match={
    Object {
      "isExact": true,
      "params": Object {},
      "path": "/settings",
      "url": "/settings",
    }
  }
>
  <nav
    className="p-side-navigation"
  >
    <ul
      className="p-side-navigation__list"
    >
      <li
        className="p-side-navigation__item"
        key="Configuration"
      >
        <span
          className="p-side-navigation__text p-side-navigation__item--title"
        >
          Configuration
        </span>
        <ul
          className="p-side-navigation__list"
        >
          <li
            className="p-side-navigation__item"
            key="/settings/configuration/general"
          >
            <Link
              className="p-side-navigation__link"
              to="/settings/configuration/general"
            >
              <LinkAnchor
                className="p-side-navigation__link"
                href="/settings/configuration/general"
                navigate={[Function]}
              >
                <a
                  className="p-side-navigation__link"
                  href="/settings/configuration/general"
                  onClick={[Function]}
                >
                  General
                </a>
              </LinkAnchor>
            </Link>
          </li>
          <li
            className="p-side-navigation__item"
            key="/settings/configuration/commissioning"
          >
            <Link
              className="p-side-navigation__link"
              to="/settings/configuration/commissioning"
            >
              <LinkAnchor
                className="p-side-navigation__link"
                href="/settings/configuration/commissioning"
                navigate={[Function]}
              >
                <a
                  className="p-side-navigation__link"
                  href="/settings/configuration/commissioning"
                  onClick={[Function]}
                >
                  Commissioning
                </a>
              </LinkAnchor>
            </Link>
          </li>
          <li
            className="p-side-navigation__item"
            key="/settings/configuration/deploy"
          >
            <Link
              className="p-side-navigation__link"
              to="/settings/configuration/deploy"
            >
              <LinkAnchor
                className="p-side-navigation__link"
                href="/settings/configuration/deploy"
                navigate={[Function]}
              >
                <a
                  className="p-side-navigation__link"
                  href="/settings/configuration/deploy"
                  onClick={[Function]}
                >
                  Deploy
                </a>
              </LinkAnchor>
            </Link>
          </li>
          <li
            className="p-side-navigation__item"
            key="/settings/configuration/kernel-parameters"
          >
            <Link
              className="p-side-navigation__link"
              to="/settings/configuration/kernel-parameters"
            >
              <LinkAnchor
                className="p-side-navigation__link"
                href="/settings/configuration/kernel-parameters"
                navigate={[Function]}
              >
                <a
                  className="p-side-navigation__link"
                  href="/settings/configuration/kernel-parameters"
                  onClick={[Function]}
                >
                  Kernel parameters
                </a>
              </LinkAnchor>
            </Link>
          </li>
        </ul>
      </li>
      <li
        className="p-side-navigation__item--title"
        key="/settings/users"
      >
        <Link
          className="p-side-navigation__link"
          to="/settings/users"
        >
          <LinkAnchor
            className="p-side-navigation__link"
            href="/settings/users"
            navigate={[Function]}
          >
            <a
              className="p-side-navigation__link"
              href="/settings/users"
              onClick={[Function]}
            >
              Users
            </a>
          </LinkAnchor>
        </Link>
      </li>
    </ul>
  </nav>
</SideNav>
`;
