// Jest Snapshot v1, https://goo.gl/fbAQLP

exports[`StorageResources renders 1`] = `
<StorageResources
  id={1}
>
  <div
    className="storage-resources"
  >
    <div
      className="storage-resources__stats"
    >
      <h4
        className="p-heading--small u-sv1"
      >
        Storage
      </h4>
      <div
        className="storage-resources__usage"
      >
        <div
          className="u-nudge-left"
        >
          <div
            className="p-heading--small u-text--muted"
          >
            Total
          </div>
          <div
            className="u-nudge-right u-sv1"
          >
            8
            B
          </div>
        </div>
        <div
          className="u-nudge-left"
        >
          <div
            className="p-heading--small u-text--muted"
          >
            Free
          </div>
          <div
            className="u-nudge-right u-sv1"
          >
            4
            B
          </div>
        </div>
      </div>
    </div>
    <div
      className="storage-resources__pools-container"
    >
      <ScrollFade>
        <div
          className="scroll-fade"
        >
          <div
            className="scroll-fade__children"
          >
            <div
              className="storage-resources__pool"
              key="a"
            >
              <div
                className="storage-resources__pool-name"
              >
                pool-1
              </div>
              <PodMeter
                allocated={1}
                className="storage-resources__pool-meter"
                free={2}
                inverted={true}
                unit="B"
              >
                <div
                  className="storage-resources__pool-meter pod-meter pod-meter--inverted"
                >
                  <div>
                    <p
                      className="p-heading--small u-text--light"
                    >
                      Total
                    </p>
                    <div
                      data-test="total"
                    >
                      3B
                    </div>
                  </div>
                  <div
                    className="u-align--right"
                  >
                    <p
                      className="p-heading--small u-text--light"
                    >
                      Allocated
                      <span
                        className="u-nudge-right--small"
                      >
                        <i
                          className="p-circle--link u-no-margin--top"
                        />
                      </span>
                    </p>
                    <div
                      className="u-nudge-left"
                      data-test="allocated"
                    >
                      1B
                    </div>
                  </div>
                  <div
                    className="u-align--right"
                  >
                    <p
                      className="p-heading--small u-text--light"
                    >
                      Free
                      <span
                        className="u-nudge-right--small"
                      >
                        <i
                          className="p-circle--link-faded u-no-margin--top"
                        />
                      </span>
                    </p>
                    <div
                      className="u-nudge-left"
                      data-test="free"
                    >
                      2B
                    </div>
                  </div>
                  <div
                    style={
                      Object {
                        "gridArea": "meter",
                      }
                    }
                  >
                    <Meter
                      data={
                        Array [
                          Object {
                            "value": 1,
                          },
                        ]
                      }
                      max={3}
                      segmented={false}
                      small={true}
                    >
                      <div
                        className="p-meter--small"
                      >
                        <div
                          className="p-meter__bar"
                          style={
                            Object {
                              "backgroundColor": "#D3E4ED",
                            }
                          }
                        >
                          <div
                            className="p-meter__filled"
                            key="meter-0"
                            style={
                              Object {
                                "backgroundColor": "#0066CC",
                                "borderRight": undefined,
                                "left": "0%",
                                "width": "33.33333333333333%",
                              }
                            }
                          />
                        </div>
                      </div>
                    </Meter>
                  </div>
                </div>
              </PodMeter>
            </div>
            <div
              className="storage-resources__pool"
              key="b"
            >
              <div
                className="storage-resources__pool-name"
              >
                pool-2
              </div>
              <PodMeter
                allocated={3}
                className="storage-resources__pool-meter"
                free={2}
                inverted={true}
                unit="B"
              >
                <div
                  className="storage-resources__pool-meter pod-meter pod-meter--inverted"
                >
                  <div>
                    <p
                      className="p-heading--small u-text--light"
                    >
                      Total
                    </p>
                    <div
                      data-test="total"
                    >
                      5B
                    </div>
                  </div>
                  <div
                    className="u-align--right"
                  >
                    <p
                      className="p-heading--small u-text--light"
                    >
                      Allocated
                      <span
                        className="u-nudge-right--small"
                      >
                        <i
                          className="p-circle--link u-no-margin--top"
                        />
                      </span>
                    </p>
                    <div
                      className="u-nudge-left"
                      data-test="allocated"
                    >
                      3B
                    </div>
                  </div>
                  <div
                    className="u-align--right"
                  >
                    <p
                      className="p-heading--small u-text--light"
                    >
                      Free
                      <span
                        className="u-nudge-right--small"
                      >
                        <i
                          className="p-circle--link-faded u-no-margin--top"
                        />
                      </span>
                    </p>
                    <div
                      className="u-nudge-left"
                      data-test="free"
                    >
                      2B
                    </div>
                  </div>
                  <div
                    style={
                      Object {
                        "gridArea": "meter",
                      }
                    }
                  >
                    <Meter
                      data={
                        Array [
                          Object {
                            "value": 3,
                          },
                        ]
                      }
                      max={5}
                      segmented={false}
                      small={true}
                    >
                      <div
                        className="p-meter--small"
                      >
                        <div
                          className="p-meter__bar"
                          style={
                            Object {
                              "backgroundColor": "#D3E4ED",
                            }
                          }
                        >
                          <div
                            className="p-meter__filled"
                            key="meter-0"
                            style={
                              Object {
                                "backgroundColor": "#0066CC",
                                "borderRight": undefined,
                                "left": "0%",
                                "width": "60%",
                              }
                            }
                          />
                        </div>
                      </div>
                    </Meter>
                  </div>
                </div>
              </PodMeter>
            </div>
          </div>
        </div>
      </ScrollFade>
    </div>
  </div>
</StorageResources>
`;
