// Jest Snapshot v1, https://goo.gl/fbAQLP

exports[`CopyButton can render 1`] = `
<CopyButton
  value="Test key"
>
  <Button
    appearance="base"
    className="is-dense u-table-cell-padding-overlap u-no-margin--right"
    hasIcon={true}
    onClick={[Function]}
  >
    <button
      className="p-button--base has-icon is-dense u-table-cell-padding-overlap u-no-margin--right"
      onClick={[Function]}
    >
      <i
        className="p-icon--copy"
      >
        Copy
      </i>
    </button>
  </Button>
  <input
    type="hidden"
    value="Test key"
  />
</CopyButton>
`;
