// Jest Snapshot v1, https://goo.gl/fbAQLP

exports[`Tabs renders 1`] = `
<nav
  className="p-tabs"
>
  <ul
    className="p-tabs__list"
  >
    <li
      className="p-tabs__item"
      key="path1"
    >
      <Link
        aria-selected={true}
        className="p-tabs__link"
        to="path1"
      >
        label1
      </Link>
    </li>
    <li
      className="p-tabs__item"
      key="path2"
    >
      <Link
        aria-selected={false}
        className="p-tabs__link"
        to="path2"
      >
        label2
      </Link>
    </li>
  </ul>
</nav>
`;
