// Jest Snapshot v1, https://goo.gl/fbAQLP

exports[`StorageResources renders 1`] = `
<div
  className="storage-resources"
>
  <h4
    className="storage-resources__header p-heading--small u-sv1"
  >
    Storage
  </h4>
  <div
    className="storage-resources__content"
  >
    <div
      className="storage-resources__usage"
    >
      <div
        className="u-nudge-left"
      >
        <div
          className="p-heading--small u-text--muted"
        >
          Total
        </div>
        <div
          className="u-nudge-right u-sv1"
        >
          11
          B
        </div>
      </div>
      <div
        className="u-nudge-left"
      >
        <div
          className="p-heading--small u-text--muted"
        >
          Free
        </div>
        <div
          className="u-nudge-right u-sv1"
        >
          6
          B
        </div>
      </div>
    </div>
    <div
      className="storage-resources__pools"
    >
      <StorageCards
        pools={
          Array [
            Object {
              "available": 700000000000,
              "id": "0",
              "name": "pool-0",
              "path": "/path/0",
              "total": 2,
              "type": "lvm",
              "used": 1,
            },
            Object {
              "available": 700000000000,
              "id": "1",
              "name": "pool-1",
              "path": "/path/1",
              "total": 4,
              "type": "lvm",
              "used": 3,
            },
          ]
        }
      />
    </div>
  </div>
</div>
`;
