// Jest Snapshot v1, https://goo.gl/fbAQLP

exports[`OverallResourcesCard renders 1`] = `
<Row>
  <Col
    size="9"
  >
    <div
      className="overall-resources-card"
    >
      <div
        className="overall-resources-card__ram"
      >
        <OverallRam
          memory={
            Object {
              "general": Object {
                "allocated_other": 5,
                "allocated_tracked": 4,
                "free": 6,
              },
              "hugepages": Object {
                "allocated_other": 8,
                "allocated_tracked": 7,
                "free": 9,
              },
            }
          }
        />
      </div>
      <div
        className="overall-resources-card__cores"
      >
        <OverallCores
          cores={
            Object {
              "allocated_other": 2,
              "allocated_tracked": 1,
              "free": 3,
            }
          }
        />
      </div>
    </div>
  </Col>
</Row>
`;
