// Jest Snapshot v1, https://goo.gl/fbAQLP

exports[`Stepper renders 1`] = `
<ol
  className="stepper"
>
  <li
    className="stepper__item"
    key="step1"
  >
    <p
      aria-checked={true}
      className="stepper__title is-complete"
    >
      Step 1
    </p>
  </li>
  <li
    className="stepper__item"
    key="step2"
  >
    <p
      aria-checked={false}
      className="stepper__title is-active"
    >
      Step 2
    </p>
  </li>
  <li
    className="stepper__item"
    key="step3"
  >
    <p
      aria-checked={false}
      className="stepper__title"
    >
      Step 3
    </p>
  </li>
</ol>
`;
