// Jest Snapshot v1, https://goo.gl/fbAQLP

exports[`RAMPopover renders 1`] = `
<RAMPopover
  memory={
    Object {
      "general": Object {
        "allocated_other": 1,
        "allocated_tracked": 2,
        "free": 3,
      },
      "hugepages": Object {
        "allocated_other": 4,
        "allocated_tracked": 5,
        "free": 3,
      },
    }
  }
  overCommit={2}
>
  <Popover
    className="ram-popover"
    content={
      <React.Fragment>
        <div
          className="ram-popover__header p-table__header"
        >
          RAM
        </div>
        <div
          className="ram-popover__primary"
        >
          <div
            className="u-align--right"
            data-test="allocated"
          >
            7B
          </div>
          <div
            className="u-vertically-center"
          >
            <i
              className="p-circle--link"
            />
          </div>
          <div
            data-test="allocated-label"
          >
            Project
          </div>
          <React.Fragment>
            <div
              className="u-align--right"
              data-test="other"
            >
              5B
            </div>
            <div
              className="u-vertically-center"
            >
              <i
                className="p-circle--positive"
              />
            </div>
            <div>
              Others
            </div>
          </React.Fragment>
          <div
            className="u-align--right"
            data-test="free"
          >
            12B
          </div>
          <div
            className="u-vertically-center"
          >
            <i
              className="p-circle--link-faded"
            />
          </div>
          <div>
            Free
          </div>
        </div>
        <div
          className="ram-popover__secondary"
        >
          <React.Fragment>
            <div
              className="u-align--right"
              data-test="host"
            >
              18B
            </div>
            <div />
            <div>
              Host RAM
            </div>
            <div
              className="u-align--right"
            >
              × 
              <span
                data-test="overcommit"
              >
                2
              </span>
            </div>
            <div />
            <div>
              Overcommit ratio
            </div>
            <hr
              className="ram-popover__separator"
            />
          </React.Fragment>
          <div
            className="u-align--right"
            data-test="total"
          >
            24B
          </div>
          <div />
          <div>
            Total
          </div>
        </div>
      </React.Fragment>
    }
  >
    <div
      data-test="popover-container"
      onBlur={[Function]}
      onFocus={[Function]}
      onMouseOut={[Function]}
      onMouseOver={[Function]}
    >
      Child
      <Component>
        <Portal
          containerInfo={
            <div>
              <div
                class="p-popover ram-popover"
                style="position: absolute; top: 0px; right: 1024px;"
              >
                <div
                  class="ram-popover__header p-table__header"
                >
                  RAM
                </div>
                <div
                  class="ram-popover__primary"
                >
                  <div
                    class="u-align--right"
                    data-test="allocated"
                  >
                    7B
                  </div>
                  <div
                    class="u-vertically-center"
                  >
                    <i
                      class="p-circle--link"
                    />
                  </div>
                  <div
                    data-test="allocated-label"
                  >
                    Project
                  </div>
                  <div
                    class="u-align--right"
                    data-test="other"
                  >
                    5B
                  </div>
                  <div
                    class="u-vertically-center"
                  >
                    <i
                      class="p-circle--positive"
                    />
                  </div>
                  <div>
                    Others
                  </div>
                  <div
                    class="u-align--right"
                    data-test="free"
                  >
                    12B
                  </div>
                  <div
                    class="u-vertically-center"
                  >
                    <i
                      class="p-circle--link-faded"
                    />
                  </div>
                  <div>
                    Free
                  </div>
                </div>
                <div
                  class="ram-popover__secondary"
                >
                  <div
                    class="u-align--right"
                    data-test="host"
                  >
                    18B
                  </div>
                  <div />
                  <div>
                    Host RAM
                  </div>
                  <div
                    class="u-align--right"
                  >
                    × 
                    <span
                      data-test="overcommit"
                    >
                      2
                    </span>
                  </div>
                  <div />
                  <div>
                    Overcommit ratio
                  </div>
                  <hr
                    class="ram-popover__separator"
                  />
                  <div
                    class="u-align--right"
                    data-test="total"
                  >
                    24B
                  </div>
                  <div />
                  <div>
                    Total
                  </div>
                </div>
              </div>
            </div>
          }
        >
          <div
            className="p-popover ram-popover"
            style={
              Object {
                "left": null,
                "position": "absolute",
                "right": 1024,
                "top": 0,
              }
            }
          >
            <div
              className="ram-popover__header p-table__header"
            >
              RAM
            </div>
            <div
              className="ram-popover__primary"
            >
              <div
                className="u-align--right"
                data-test="allocated"
              >
                7B
              </div>
              <div
                className="u-vertically-center"
              >
                <i
                  className="p-circle--link"
                />
              </div>
              <div
                data-test="allocated-label"
              >
                Project
              </div>
              <div
                className="u-align--right"
                data-test="other"
              >
                5B
              </div>
              <div
                className="u-vertically-center"
              >
                <i
                  className="p-circle--positive"
                />
              </div>
              <div>
                Others
              </div>
              <div
                className="u-align--right"
                data-test="free"
              >
                12B
              </div>
              <div
                className="u-vertically-center"
              >
                <i
                  className="p-circle--link-faded"
                />
              </div>
              <div>
                Free
              </div>
            </div>
            <div
              className="ram-popover__secondary"
            >
              <div
                className="u-align--right"
                data-test="host"
              >
                18B
              </div>
              <div />
              <div>
                Host RAM
              </div>
              <div
                className="u-align--right"
              >
                × 
                <span
                  data-test="overcommit"
                >
                  2
                </span>
              </div>
              <div />
              <div>
                Overcommit ratio
              </div>
              <hr
                className="ram-popover__separator"
              />
              <div
                className="u-align--right"
                data-test="total"
              >
                24B
              </div>
              <div />
              <div>
                Total
              </div>
            </div>
          </div>
        </Portal>
      </Component>
    </div>
  </Popover>
</RAMPopover>
`;
