// Jest Snapshot v1, https://goo.gl/fbAQLP

exports[`TableDeleteConfirm renders 1`] = `
<TableConfirm
  confirmAppearance="negative"
  confirmLabel="Delete"
  finished={false}
  inProgress={false}
  message={
    <React.Fragment>
      Are you sure you want to delete user "Cobba"?
       
      <span
        className="u-text--light"
      >
        This action is permanent and can not be undone.
      </span>
    </React.Fragment>
  }
  onClose={[MockFunction]}
  onConfirm={[MockFunction]}
/>
`;
