// Jest Snapshot v1, https://goo.gl/fbAQLP

exports[`StorageColumn renders 1`] = `
<StorageColumn
  systemId="abc123"
>
  <DoubleRow
    primary={
      <React.Fragment>
        <span
          data-test="storage-value"
        >
          8
        </span>
         
        <small
          className="u-text--light"
          data-test="storage-unit"
        >
          GB
        </small>
      </React.Fragment>
    }
    primaryClassName="u-align--right"
  >
    <div
      className="p-double-row"
    >
      <div
        className="p-double-row__primary-row u-truncate u-align--right"
      >
        <span
          data-test="storage-value"
        >
          8
        </span>
         
        <small
          className="u-text--light"
          data-test="storage-unit"
        >
          GB
        </small>
      </div>
    </div>
  </DoubleRow>
</StorageColumn>
`;
