// Jest Snapshot v1, https://goo.gl/fbAQLP

exports[`VMsActionBar renders 1`] = `
<div
  className="vms-action-bar"
>
  <div
    className="vms-action-bar__actions"
  >
    <Button
      className="u-no-margin--bottom"
      data-test="compose-vm"
      hasIcon={true}
      onClick={[Function]}
    >
      <Icon
        name="plus"
      />
      <span>
        Compose VM
      </span>
    </Button>
    <Button
      appearance="base"
      hasIcon={true}
      small={true}
    >
      <Icon
        name="menu"
      />
    </Button>
    <Button
      appearance="base"
      data-test="refresh-kvm"
      hasIcon={true}
      onClick={[Function]}
      small={true}
    >
      <Icon
        name="restart"
      />
    </Button>
    <Button
      appearance="base"
      hasIcon={true}
      small={true}
    >
      <Icon
        name="delete"
      />
    </Button>
  </div>
  <div
    className="vms-action-bar__search"
  >
    <SearchBox
      className="u-no-margin--bottom"
      onChange={[Function]}
    />
  </div>
  <div
    className="vms-action-bar__pagination"
  >
    <span
      className="u-text--muted u-nudge-left"
      data-test="vms-count"
    >
      1 - 1 of 1
    </span>
    <ArrowPagination
      className="u-display-inline-block"
      currentPage={1}
      itemCount={1}
      pageSize={25}
      setCurrentPage={[Function]}
    />
  </div>
</div>
`;
