// Jest Snapshot v1, https://goo.gl/fbAQLP

exports[`ProxyFormFields can render 1`] = `
<Fragment>
  <label>
    HTTP proxy used by MAAS to download images, and by provisioned machines for APT and YUM packages.
  </label>
  <FormikField
    checked={false}
    fieldKey="proxyType"
    formikProps={
      Object {
        "errors": Object {},
        "handleBlur": [MockFunction],
        "handleChange": [MockFunction],
        "handleSubmit": [MockFunction],
        "touched": Object {},
        "values": Object {},
      }
    }
    label="Don't use a proxy"
    type="radio"
    value="noProxy"
  />
  <FormikField
    checked={false}
    fieldKey="proxyType"
    formikProps={
      Object {
        "errors": Object {},
        "handleBlur": [MockFunction],
        "handleChange": [MockFunction],
        "handleSubmit": [MockFunction],
        "touched": Object {},
        "values": Object {},
      }
    }
    label="MAAS built-in"
    type="radio"
    value="builtInProxy"
  />
  <FormikField
    checked={false}
    fieldKey="proxyType"
    formikProps={
      Object {
        "errors": Object {},
        "handleBlur": [MockFunction],
        "handleChange": [MockFunction],
        "handleSubmit": [MockFunction],
        "touched": Object {},
        "values": Object {},
      }
    }
    label="External"
    type="radio"
    value="externalProxy"
  />
  <FormikField
    checked={false}
    fieldKey="proxyType"
    formikProps={
      Object {
        "errors": Object {},
        "handleBlur": [MockFunction],
        "handleChange": [MockFunction],
        "handleSubmit": [MockFunction],
        "touched": Object {},
        "values": Object {},
      }
    }
    label="Peer"
    type="radio"
    value="peerProxy"
  />
</Fragment>
`;
