// Jest Snapshot v1, https://goo.gl/fbAQLP

exports[`AddMachine renders 1`] = `
<FormCard
  sidebar={false}
  title="Add machine"
>
  <hr />
  <div
    className="u-align--right"
  >
    <Button
      appearance="base"
      className="u-no-margin--bottom"
      element={
        Object {
          "$$typeof": Symbol(react.forward_ref),
          "displayName": "Link",
          "propTypes": Object {
            "innerRef": [Function],
            "onClick": [Function],
            "replace": [Function],
            "target": [Function],
            "to": [Function],
          },
          "render": [Function],
        }
      }
      style={
        Object {
          "marginRight": "1rem",
        }
      }
      to="/machines"
    >
      Cancel
    </Button>
    <Button
      appearance="neutral"
      className="u-no-margin--bottom"
      disabled={true}
    >
      Save and add another
    </Button>
    <Button
      appearance="positive"
      className="u-no-margin--bottom"
      disabled={true}
    >
      Save machine
    </Button>
  </div>
</FormCard>
`;
