// Jest Snapshot v1, https://goo.gl/fbAQLP

exports[`RamColumn renders 1`] = `
<div
  class="p-double-row"
>
  <div
    class="p-double-row__rows-container"
  >
    <div
      class="p-double-row__primary-row u-align--right"
    >
      <div
        class="p-double-row__primary-row-text u-truncate"
        data-testid="primary"
      >
        <span
          data-testid="memory"
        >
          8
        </span>
         
        <small
          class="u-text--light"
        >
          GiB
        </small>
      </div>
    </div>
  </div>
</div>
`;
