// Jest Snapshot v1, https://goo.gl/fbAQLP

exports[`NotificationGroupNotification renders 1`] = `
<NotificationGroupNotification
  id={1}
  severity="negative"
>
  <Notification
    onDismiss={[Function]}
    severity="negative"
    timestamp={null}
  >
    <div
      className="p-notification--negative"
    >
      <div
        className="p-notification__content"
      >
        <p
          className="p-notification__message"
        >
          <span
            dangerouslySetInnerHTML={
              Object {
                "__html": "Testing notification",
              }
            }
            data-test="notification-message"
          />
        </p>
        <button
          aria-label="Close notification"
          className="p-notification__close"
          data-test="notification-close-button"
          onClick={[Function]}
        >
          Close
        </button>
      </div>
    </div>
  </Notification>
</NotificationGroupNotification>
`;
