// Jest Snapshot v1, https://goo.gl/fbAQLP

exports[`DoughnutChart renders 1`] = `
<div>
  <div
    class="doughnut-chart"
    style="max-width: 106px;"
  >
    <span
      class="doughnut-chart__tooltip"
    >
      <style>
        #doughnut-chart-mock-redux-js-nanoid-1 .doughnut-chart__segment:hover {
          stroke-width: 25 !important;
        }
      </style>
      <svg
        class="doughnut-chart__chart"
        id="doughnut-chart-mock-redux-js-nanoid-1"
        viewBox="0 0 106 106"
      >
        <mask
          id="myMask"
        >
          <rect
            fill="white"
            height="106"
            width="106"
            x="0"
            y="0"
          />
          <circle
            cx="53"
            cy="53"
            fill="black"
            r="33"
          />
        </mask>
        <g
          mask="url(#myMask)"
        >
          <rect
            fill="transparent"
            height="106"
            width="106"
            x="0"
            y="0"
          />
          <g>
            <circle
              class="doughnut-chart__segment"
              cx="28"
              cy="53"
              data-testid="segment"
              r="40.5"
              style="stroke: #06C; stroke-width: 15; stroke-dasharray: 0 0.00 203.20 50.80;"
              transform="rotate(-90 40.5,40.5)"
            />
            <circle
              class="doughnut-chart__segment"
              cx="28"
              cy="53"
              data-testid="segment"
              r="40.5"
              style="stroke: #cce0f5; stroke-width: 15; stroke-dasharray: 0 203.20 50.80 -0.00;"
              transform="rotate(-90 40.5,40.5)"
            />
          </g>
        </g>
        <text
          x="53"
          y="53"
        >
          <tspan
            class="doughnut-chart__label"
            data-testid="label"
          >
            200GB
          </tspan>
        </text>
      </svg>
    </span>
  </div>
</div>
`;
