// Jest Snapshot v1, https://goo.gl/fbAQLP

exports[`FilterAccordion renders 1`] = `
<FilterAccordion
  setSearchText={[MockFunction]}
>
  <ContextualMenu
    className="filter-accordion"
    constrainPanelWidth={true}
    hasToggleIcon={true}
    position="left"
    toggleClassName="filter-accordion__toggle"
    toggleLabel="Filters"
  >
    <span
      className="filter-accordion p-contextual-menu p-contextual-menu--left"
      style={
        Object {
          "position": "relative",
        }
      }
    >
      <Button
        aria-controls="6a1b6667-997d-4028-9da8-f12e0a227193"
        aria-expanded="false"
        aria-haspopup="true"
        className="p-contextual-menu__toggle filter-accordion__toggle"
        hasIcon={true}
        onClick={[Function]}
      >
        <button
          aria-controls="6a1b6667-997d-4028-9da8-f12e0a227193"
          aria-expanded="false"
          aria-haspopup="true"
          className="p-button--neutral has-icon p-contextual-menu__toggle filter-accordion__toggle"
          onClick={[Function]}
        >
          <span>
            Filters
          </span>
          <i
            className="p-icon--contextual-menu p-contextual-menu__indicator"
          />
        </button>
      </Button>
    </span>
  </ContextualMenu>
</FilterAccordion>
`;
