// Jest Snapshot v1, https://goo.gl/fbAQLP

exports[`SectionHeader can render 1`] = `
<div
  className="section-header"
>
  <div
    className="section-header__main-row u-flex--between u-flex--wrap"
  >
    <div
      className="section-header__titles u-flex--align-baseline u-flex--grow u-flex--wrap"
    >
      <h1
        className="section-header__title p-heading--4 u-flex--no-shrink"
        data-testid="section-header-title"
      >
        Title
      </h1>
      <div
        className="section-header__subtitle u-flex--grow"
        data-testid="section-header-subtitle"
      >
        <span
          className="u-text--muted"
        >
          Subtitle
        </span>
      </div>
    </div>
  </div>
</div>
`;
