// Jest Snapshot v1, https://goo.gl/fbAQLP

exports[`ZoneSelect renders a list of all zones in state 1`] = `
<select
  aria-describedby=""
  aria-invalid="false"
  aria-label="Zone"
  class="p-form-validation__input"
  id="mock-redux-js-nanoid-1"
  name="zone"
>
  <option
    disabled=""
    value=""
  >
    Select zone
  </option>
  <option
    value="Pool 1"
  >
    Pool 1
  </option>
  <option
    value="Pool 2"
  >
    Pool 2
  </option>
</select>
`;
