// Jest Snapshot v1, https://goo.gl/fbAQLP

exports[`OwnerColumn renders 1`] = `
<OwnerColumn
  systemId="abc123"
>
  <div
    className="p-double-row"
  >
    <div
      className="p-double-row__primary-row u-truncate"
    >
      <span
        data-test="owner"
      >
        admin
      </span>
      <TableMenu
        links={
          Array [
            Object {
              "children": "Link1",
            },
            Object {
              "children": "Link2",
            },
          ]
        }
        title="Take action:"
      >
        <ContextualMenu
          className="p-table-menu"
          hasToggleIcon={true}
          links={
            Array [
              "Take action:",
              Array [
                Object {
                  "children": "Link1",
                },
                Object {
                  "children": "Link2",
                },
              ],
            ]
          }
          position="center"
          toggleAppearance="base"
        >
          <span
            className="p-table-menu p-contextual-menu--center"
          >
            <Button
              appearance="base"
              aria-controls="Uakgb_J5m9g-0JDMbcJqLJ"
              aria-expanded="false"
              aria-haspopup="true"
              className="p-contextual-menu__toggle"
              hasIcon={true}
              onClick={[Function]}
            >
              <button
                aria-controls="Uakgb_J5m9g-0JDMbcJqLJ"
                aria-expanded="false"
                aria-haspopup="true"
                className="p-button--base has-icon p-contextual-menu__toggle"
                onClick={[Function]}
              >
                <i
                  className="p-icon--contextual-menu p-contextual-menu__indicator"
                />
              </button>
            </Button>
          </span>
        </ContextualMenu>
      </TableMenu>
    </div>
    <div
      className="p-double-row__secondary-row u-truncate"
    >
      <span
        data-test="tags"
        title=""
      />
    </div>
  </div>
</OwnerColumn>
`;
