// Jest Snapshot v1, https://goo.gl/fbAQLP

exports[`OwnerColumn renders 1`] = `
<OwnerColumn
  systemId="abc123"
>
  <DoubleRow
    menuLinks={
      Array [
        Object {
          "children": "No owner actions available",
          "disabled": true,
        },
      ]
    }
    menuTitle="Take action:"
    primary={
      <React.Fragment>
        <span
          data-test="owner"
        >
          admin
        </span>
      </React.Fragment>
    }
    secondary={
      <span
        data-test="tags"
        title=""
      >
        
      </span>
    }
  >
    <div
      className="p-double-row"
    >
      <div
        className="p-double-row__rows-container"
      >
        <div
          className="p-double-row__primary-row"
        >
          <div
            className="p-double-row__primary-row-text u-truncate"
          >
            <span
              data-test="owner"
            >
              admin
            </span>
          </div>
          <TableMenu
            links={
              Array [
                Object {
                  "children": "No owner actions available",
                  "disabled": true,
                },
              ]
            }
            title="Take action:"
          >
            <ContextualMenu
              className="p-table-menu"
              dropdownClassName="u-no-margin--top"
              hasToggleIcon={true}
              links={
                Array [
                  "Take action:",
                  Array [
                    Object {
                      "children": "No owner actions available",
                      "disabled": true,
                    },
                  ],
                ]
              }
              position="center"
              toggleAppearance="base"
              toggleClassName="u-no-margin--bottom p-table-menu__toggle"
            >
              <span
                className="p-table-menu p-contextual-menu--center"
              >
                <Button
                  appearance="base"
                  aria-controls="Uakgb_J5m9g-0JDMbcJqLJ"
                  aria-expanded="false"
                  aria-haspopup="true"
                  className="p-contextual-menu__toggle u-no-margin--bottom p-table-menu__toggle"
                  hasIcon={true}
                  onClick={[Function]}
                >
                  <button
                    aria-controls="Uakgb_J5m9g-0JDMbcJqLJ"
                    aria-expanded="false"
                    aria-haspopup="true"
                    className="p-button--base has-icon p-contextual-menu__toggle u-no-margin--bottom p-table-menu__toggle"
                    onClick={[Function]}
                  >
                    <i
                      className="p-icon--contextual-menu p-contextual-menu__indicator"
                    />
                  </button>
                </Button>
              </span>
            </ContextualMenu>
          </TableMenu>
        </div>
        <div
          className="p-double-row__secondary-row u-truncate"
        >
          <span
            data-test="tags"
            title=""
          />
        </div>
      </div>
    </div>
  </DoubleRow>
</OwnerColumn>
`;
