// Jest Snapshot v1, https://goo.gl/fbAQLP

exports[`ZoneColumn renders 1`] = `
<ZoneColumn
  onToggleMenu={[MockFunction]}
  systemId="abc123"
>
  <DoubleRow
    menuLinks={
      Array [
        Object {
          "children": "Backup",
          "onClick": [Function],
        },
      ]
    }
    menuTitle="Change AZ:"
    onToggleMenu={[Function]}
    primary={
      <span
        data-test="zone"
      >
        <a
          className="p-link--soft"
          href="/MAAS/l/zone/0"
        >
          zone-north
        </a>
      </span>
    }
    primaryTitle="zone-north"
    secondary={
      <span
        data-test="spaces"
        title="management"
      >
        management
      </span>
    }
  >
    <div
      className="p-double-row"
    >
      <div
        className="p-double-row__rows-container"
      >
        <div
          className="p-double-row__primary-row"
        >
          <div
            className="p-double-row__primary-row-text u-truncate"
            title="zone-north"
          >
            <span
              data-test="zone"
            >
              <a
                className="p-link--soft"
                href="/MAAS/l/zone/0"
              >
                zone-north
              </a>
            </span>
          </div>
          <TableMenu
            links={
              Array [
                Object {
                  "children": "Backup",
                  "onClick": [Function],
                },
              ]
            }
            onToggleMenu={[Function]}
            positionNode={
              Object {
                "current": <div
                  class="p-double-row__primary-row"
                >
                  <div
                    class="p-double-row__primary-row-text u-truncate"
                    title="zone-north"
                  >
                    <span
                      data-test="zone"
                    >
                      <a
                        class="p-link--soft"
                        href="/MAAS/l/zone/0"
                      >
                        zone-north
                      </a>
                    </span>
                  </div>
                  <span
                    class="p-table-menu p-contextual-menu--left"
                  >
                    <button
                      aria-controls="Uakgb_J5m9g-0JDMbcJqLJ"
                      aria-expanded="false"
                      aria-haspopup="true"
                      class="p-button--base has-icon p-contextual-menu__toggle u-no-margin--bottom p-table-menu__toggle"
                    >
                      <i
                        class="p-icon--contextual-menu p-contextual-menu__indicator"
                      />
                    </button>
                  </span>
                </div>,
              }
            }
            title="Change AZ:"
          >
            <ContextualMenu
              className="p-table-menu"
              hasToggleIcon={true}
              links={
                Array [
                  "Change AZ:",
                  Object {
                    "children": "Backup",
                    "onClick": [Function],
                  },
                ]
              }
              onToggleMenu={[Function]}
              position="left"
              positionNode={
                Object {
                  "current": <div
                    class="p-double-row__primary-row"
                  >
                    <div
                      class="p-double-row__primary-row-text u-truncate"
                      title="zone-north"
                    >
                      <span
                        data-test="zone"
                      >
                        <a
                          class="p-link--soft"
                          href="/MAAS/l/zone/0"
                        >
                          zone-north
                        </a>
                      </span>
                    </div>
                    <span
                      class="p-table-menu p-contextual-menu--left"
                    >
                      <button
                        aria-controls="Uakgb_J5m9g-0JDMbcJqLJ"
                        aria-expanded="false"
                        aria-haspopup="true"
                        class="p-button--base has-icon p-contextual-menu__toggle u-no-margin--bottom p-table-menu__toggle"
                      >
                        <i
                          class="p-icon--contextual-menu p-contextual-menu__indicator"
                        />
                      </button>
                    </span>
                  </div>,
                }
              }
              toggleAppearance="base"
              toggleClassName="u-no-margin--bottom p-table-menu__toggle"
            >
              <span
                className="p-table-menu p-contextual-menu--left"
              >
                <Button
                  appearance="base"
                  aria-controls="Uakgb_J5m9g-0JDMbcJqLJ"
                  aria-expanded="false"
                  aria-haspopup="true"
                  className="p-contextual-menu__toggle u-no-margin--bottom p-table-menu__toggle"
                  hasIcon={true}
                  onClick={[Function]}
                >
                  <button
                    aria-controls="Uakgb_J5m9g-0JDMbcJqLJ"
                    aria-expanded="false"
                    aria-haspopup="true"
                    className="p-button--base has-icon p-contextual-menu__toggle u-no-margin--bottom p-table-menu__toggle"
                    onClick={[Function]}
                  >
                    <i
                      className="p-icon--contextual-menu p-contextual-menu__indicator"
                    />
                  </button>
                </Button>
              </span>
            </ContextualMenu>
          </TableMenu>
        </div>
        <div
          className="p-double-row__secondary-row u-truncate"
        >
          <span
            data-test="spaces"
            title="management"
          >
            management
          </span>
        </div>
      </div>
    </div>
  </DoubleRow>
</ZoneColumn>
`;
