// Jest Snapshot v1, https://goo.gl/fbAQLP

exports[`ZoneColumn renders 1`] = `
<ZoneColumn
  onToggleMenu={[MockFunction]}
  systemId="abc123"
>
  <DoubleRow
    menuLinks={
      Array [
        Object {
          "children": "Backup",
          "onClick": [Function],
        },
      ]
    }
    menuTitle="Change AZ:"
    onToggleMenu={[Function]}
    primary={
      <span
        data-test="zone"
      >
        <LegacyLink
          className="p-link--soft"
          route="/zone/0"
        >
          zone-north
        </LegacyLink>
      </span>
    }
    primaryTitle="zone-north"
    secondary={
      <span
        data-test="spaces"
        title="management"
      >
        management
      </span>
    }
  >
    <div
      className="p-double-row"
    >
      <div
        className="p-double-row__rows-container"
      >
        <div
          className="p-double-row__primary-row"
        >
          <div
            className="p-double-row__primary-row-text u-truncate"
            title="zone-north"
          >
            <span
              data-test="zone"
            >
              <LegacyLink
                className="p-link--soft"
                route="/zone/0"
              >
                <Link
                  className="p-link--soft"
                  href="/MAAS/l/zone/0"
                  onClick={[Function]}
                >
                  <a
                    className="p-link--soft"
                    href="/MAAS/l/zone/0"
                    onClick={[Function]}
                  >
                    zone-north
                  </a>
                </Link>
              </LegacyLink>
            </span>
          </div>
          <TableMenu
            links={
              Array [
                Object {
                  "children": "Backup",
                  "onClick": [Function],
                },
              ]
            }
            onToggleMenu={[Function]}
            positionNode={null}
            title="Change AZ:"
          >
            <ContextualMenu
              className="p-table-menu"
              hasToggleIcon={true}
              links={
                Array [
                  "Change AZ:",
                  Object {
                    "children": "Backup",
                    "onClick": [Function],
                  },
                ]
              }
              onToggleMenu={[Function]}
              position="left"
              positionNode={null}
              toggleAppearance="base"
              toggleClassName="u-no-margin--bottom p-table-menu__toggle"
            >
              <span
                className="p-table-menu p-contextual-menu p-contextual-menu--left"
                style={
                  Object {
                    "position": "relative",
                  }
                }
              >
                <Button
                  appearance="base"
                  aria-controls="ebd74d34-0913-41a9-861b-f801543197c7"
                  aria-expanded="false"
                  aria-haspopup="true"
                  className="p-contextual-menu__toggle u-no-margin--bottom p-table-menu__toggle"
                  hasIcon={true}
                  onClick={[Function]}
                >
                  <button
                    aria-controls="ebd74d34-0913-41a9-861b-f801543197c7"
                    aria-expanded="false"
                    aria-haspopup="true"
                    className="p-button--base has-icon p-contextual-menu__toggle u-no-margin--bottom p-table-menu__toggle"
                    onClick={[Function]}
                  >
                    <i
                      className="p-icon--contextual-menu p-contextual-menu__indicator"
                    />
                  </button>
                </Button>
              </span>
            </ContextualMenu>
          </TableMenu>
        </div>
        <div
          className="p-double-row__secondary-row u-truncate"
        >
          <span
            data-test="spaces"
            title="management"
          >
            management
          </span>
        </div>
      </div>
    </div>
  </DoubleRow>
</ZoneColumn>
`;
