// Jest Snapshot v1, https://goo.gl/fbAQLP

exports[`StorageMeter renders 1`] = `
<div
  className="u-width--full"
>
  <StoragePopover
    pools={
      Array [
        Object {
          "available": 700000000000,
          "id": "a",
          "name": "pool-1",
          "path": "/path1",
          "total": 3,
          "type": "lvm",
          "used": 1,
        },
      ]
    }
  >
    <PodMeter
      allocated={1}
      className="storage-meter__meter"
      free={2}
      unit="B"
    />
  </StoragePopover>
</div>
`;
