// Jest Snapshot v1, https://goo.gl/fbAQLP

exports[`Section renders 1`] = `
<div
  className="section"
>
  <Strip
    className="section__header"
    element="header"
  >
    <h1
      className="p-heading--four u-no-margin--bottom"
    >
      Settings
    </h1>
  </Strip>
  <Strip
    className="u-no-padding"
    element="header"
    includeCol={false}
    rowClassName="u-equal-height section__content-wrapper"
  >
    <Col
      className="section__sidebar"
      element="aside"
      size="2"
    >
      <div>
        Sidebar
      </div>
    </Col>
    <Col
      className="section__content"
      size={10}
    >
      <NotificationList />
      content
    </Col>
  </Strip>
</div>
`;
