// Jest Snapshot v1, https://goo.gl/fbAQLP

exports[`TagLinks renders 1`] = `
<TagLinks
  getLinkURL={[Function]}
  tags={
    Array [
      "tag-1",
      "tag-2",
    ]
  }
>
  <span
    className="u-break-word"
  >
    <span
      key="tag-1"
    >
      <Link
        to="www.tags.com/tag-1"
      >
        <LinkAnchor
          href="/machine/www.tags.com/tag-1"
          navigate={[Function]}
        >
          <a
            href="/machine/www.tags.com/tag-1"
            onClick={[Function]}
          >
            tag-1
          </a>
        </LinkAnchor>
      </Link>
      , 
    </span>
    <span
      key="tag-2"
    >
      <Link
        to="www.tags.com/tag-2"
      >
        <LinkAnchor
          href="/machine/www.tags.com/tag-2"
          navigate={[Function]}
        >
          <a
            href="/machine/www.tags.com/tag-2"
            onClick={[Function]}
          >
            tag-2
          </a>
        </LinkAnchor>
      </Link>
    </span>
  </span>
</TagLinks>
`;
