// Jest Snapshot v1, https://goo.gl/fbAQLP

exports[`NodeNameFields displays the fields 1`] = `
<form
  class=""
>
  <div
    class="node-name__hostname-wrapper u-no-margin--right"
  >
    <div
      aria-hidden="true"
      class="node-name__hostname-spacer"
    />
    <div
      class="p-form__group p-form-validation u-no-margin--right"
    >
      <label
        class="p-form__label"
        for="mock-redux-js-nanoid-1"
      >
        Hostname
      </label>
      <div
        class="p-form__control u-clearfix"
      >
        <input
          aria-describedby=""
          aria-invalid="false"
          aria-label="Hostname"
          class="p-form-validation__input node-name__hostname"
          id="mock-redux-js-nanoid-1"
          label="Hostname"
          name="hostname"
          type="text"
          value=""
        />
      </div>
    </div>
  </div>
  <span
    class="node-name__dot u-nudge-right--small u-nudge-left--small u-no-margin--right"
  >
    .
  </span>
  <div
    class="p-form__group p-form-validation node-name__domain"
  >
    <label
      class="p-form__label"
      for="mock-redux-js-nanoid-2"
    >
      Domain
    </label>
    <div
      class="p-form__control u-clearfix"
    >
      <div
        class="p-form-validation__select-wrapper"
      >
        <select
          aria-describedby=""
          aria-invalid="false"
          aria-label="Domain"
          class="p-form-validation__input u-no-margin--bottom"
          id="mock-redux-js-nanoid-2"
          name="domain"
        >
          <option
            disabled=""
            value=""
          >
            Select domain
          </option>
        </select>
      </div>
    </div>
  </div>
  <div
    class="formik-form-buttons is-bordered"
    data-testid="buttons-wrapper"
  >
    <div
      class="formik-form-buttons__container u-align--right"
    >
      <button
        class="formik-form-buttons__button p-action-button p-button--positive is-disabled"
        disabled=""
        type="submit"
      >
        Save
      </button>
    </div>
  </div>
</form>
`;
