// Jest Snapshot v1, https://goo.gl/fbAQLP

exports[`StorageMeter renders 1`] = `
<div
  className="u-width--full"
>
  <StoragePopover
    pools={
      Object {
        "pool-1": Object {
          "allocated_other": 1,
          "allocated_tracked": 2,
          "backend": "zfs",
          "id": "abc123",
          "name": "pool-1",
          "path": "/path1",
          "total": 3,
        },
      }
    }
  >
    <KVMResourceMeter
      allocated={2}
      detailed={true}
      free={0}
      other={1}
      unit="B"
    />
  </StoragePopover>
</div>
`;
