// Jest Snapshot v1, https://goo.gl/fbAQLP

exports[`PowerColumn renders 1`] = `
<PowerColumn
  systemId="abc123"
>
  <div
    className="p-double-row__icon-container"
  >
    <i
      className="p-icon--power-on"
      title="on"
    />
  </div>
  <div
    className="p-double-row__rows-container--icon"
  >
    <div
      className="p-double-row__main-row"
    >
      <span
        className="u-upper-case--first"
        data-test="power_state"
      >
        on
      </span>
    </div>
    <div
      className="p-double-row__muted-row"
    >
      <span
        className="u-text-overflow u-upper-case--first"
        data-test="power_type"
        title="virsh"
      >
        virsh
      </span>
    </div>
  </div>
</PowerColumn>
`;
