// Jest Snapshot v1, https://goo.gl/fbAQLP

exports[`CertificateMetadata renders 1`] = `
<Card
  className="certificate-metadata"
>
  <LabelledList
    className="certificate-metadata__list u-no-margin--bottom"
    items={
      Array [
        Object {
          "label": "CN",
          "value": "name@host",
        },
        Object {
          "label": "Expiration date",
          "value": "expiration",
        },
        Object {
          "label": "Fingerprint",
          "value": "fingerprint",
        },
      ]
    }
  />
</Card>
`;
