// Jest Snapshot v1, https://goo.gl/fbAQLP

exports[`MachineNotifications can render 1`] = `
<MachineNotifications
  notifications={
    Array [
      Object {
        "active": true,
        "content": "Editing is currently disabled because no rack controller is currently connected to the region.",
        "severity": "negative",
        "title": "Error:",
      },
    ]
  }
>
  <section
    className="p-strip u-no-padding--top u-no-padding--bottom"
  >
    <div
      className="row"
    >
      <Notification
        key="0"
        severity="negative"
        title="Error:"
      >
        <div
          className="p-notification--negative"
        >
          <div
            className="p-notification__content"
          >
            <h5
              className="p-notification__title"
              data-test="notification-title"
            >
              Error:
            </h5>
            <p
              className="p-notification__message"
            >
              Editing is currently disabled because no rack controller is currently connected to the region.
            </p>
          </div>
        </div>
      </Notification>
    </div>
  </section>
</MachineNotifications>
`;
