// Jest Snapshot v1, https://goo.gl/fbAQLP

exports[`FabricColumn renders 1`] = `
<FabricColumn
  systemId="abc123"
>
  <DoubleRow
    primary={
      <ScriptStatus
        data-test="fabric"
        hideNotRunIcon={true}
        hidePassedIcon={true}
        scriptType={
          Object {
            "status": 1,
          }
        }
        tooltipPosition="top-left"
      >
        <a
          className="p-link--soft"
          href="/MAAS/#/fabric/0"
        >
          fabric-0
        </a>
      </ScriptStatus>
    }
    primaryAriaLabel="Fabric"
    secondary={
      <span
        data-test="vlan"
      >
        Default VLAN
      </span>
    }
    secondaryAriaLabel="VLAN"
  >
    <div
      className="p-double-row"
    >
      <div
        className="p-double-row__rows-container"
      >
        <div
          aria-label="Fabric"
          className="p-double-row__primary-row"
        >
          <div
            className="p-double-row__primary-row-text u-truncate"
          >
            <ScriptStatus
              data-test="fabric"
              hideNotRunIcon={true}
              hidePassedIcon={true}
              scriptType={
                Object {
                  "status": 1,
                }
              }
              tooltipPosition="top-left"
            >
              <i
                className="p-icon--running is-inline"
              />
              <a
                className="p-link--soft"
                href="/MAAS/#/fabric/0"
              >
                fabric-0
              </a>
            </ScriptStatus>
          </div>
        </div>
        <div
          aria-label="VLAN"
          className="p-double-row__secondary-row u-truncate"
        >
          <span
            data-test="vlan"
          >
            Default VLAN
          </span>
        </div>
      </div>
    </div>
  </DoubleRow>
</FabricColumn>
`;
