// Jest Snapshot v1, https://goo.gl/fbAQLP

exports[`FormCardButtons  renders 1`] = `
<FormCardButtons
  submitLabel="Save user"
>
  <hr />
  <div
    className="form-card__buttons is-bordered"
  >
    <Button
      appearance="base"
      className="u-no-margin--bottom"
      data-test="cancel-action"
      onClick={[Function]}
      type="button"
    >
      <button
        className="p-button--base u-no-margin--bottom"
        data-test="cancel-action"
        onClick={[Function]}
        type="button"
      >
        Cancel
      </button>
    </Button>
    <ActionButton
      appearance="positive"
      className="u-no-margin--bottom"
      type="submit"
    >
      <button
        className="u-no-margin--bottom p-action-button p-button--positive"
        type="submit"
      >
        Save user
      </button>
    </ActionButton>
  </div>
</FormCardButtons>
`;
