// Jest Snapshot v1, https://goo.gl/fbAQLP

exports[`DoubleRow  renders 1`] = `
<div
  className="p-double-row"
>
  <div
    className="p-double-row__rows-container"
  >
    <div
      className="p-double-row__primary-row"
    >
      <div
        className="p-double-row__primary-row-text u-truncate"
        data-testid="primary"
      >
        Top row
      </div>
    </div>
    <div
      className="p-double-row__secondary-row u-truncate"
      data-testid="secondary"
    >
      Bottom row
    </div>
  </div>
</div>
`;
