// Jest Snapshot v1, https://goo.gl/fbAQLP

exports[`StatusColumn can show a menu with all possible options 1`] = `
<span
  aria-hidden="false"
  aria-label="submenu"
  className="p-contextual-menu__dropdown"
  style={null}
>
  <div
    className="p-contextual-menu__non-interactive"
    key="0"
  >
    Take action:
  </div>
  <span
    className="p-contextual-menu__group"
    key="1"
  >
    <Button
      className="p-contextual-menu__link"
      key="0"
      onClick={[Function]}
    >
      <button
        className="p-button--neutral p-contextual-menu__link"
        onClick={[Function]}
      >
        abort
      </button>
    </Button>
    <Button
      className="p-contextual-menu__link"
      key="1"
      onClick={[Function]}
    >
      <button
        className="p-button--neutral p-contextual-menu__link"
        onClick={[Function]}
      >
        acquire
      </button>
    </Button>
    <Button
      className="p-contextual-menu__link"
      key="2"
      onClick={[Function]}
    >
      <button
        className="p-button--neutral p-contextual-menu__link"
        onClick={[Function]}
      >
        commission
      </button>
    </Button>
    <Button
      className="p-contextual-menu__link"
      key="3"
      onClick={[Function]}
    >
      <button
        className="p-button--neutral p-contextual-menu__link"
        onClick={[Function]}
      >
        deploy
      </button>
    </Button>
    <Button
      className="p-contextual-menu__link"
      key="4"
      onClick={[Function]}
    >
      <button
        className="p-button--neutral p-contextual-menu__link"
        onClick={[Function]}
      >
        exit-rescue-mode
      </button>
    </Button>
    <Button
      className="p-contextual-menu__link"
      key="5"
      onClick={[Function]}
    >
      <button
        className="p-button--neutral p-contextual-menu__link"
        onClick={[Function]}
      >
        lock
      </button>
    </Button>
    <Button
      className="p-contextual-menu__link"
      key="6"
      onClick={[Function]}
    >
      <button
        className="p-button--neutral p-contextual-menu__link"
        onClick={[Function]}
      >
        mark-broken
      </button>
    </Button>
    <Button
      className="p-contextual-menu__link"
      key="7"
      onClick={[Function]}
    >
      <button
        className="p-button--neutral p-contextual-menu__link"
        onClick={[Function]}
      >
        mark-fixed
      </button>
    </Button>
    <Button
      className="p-contextual-menu__link"
      key="8"
      onClick={[Function]}
    >
      <button
        className="p-button--neutral p-contextual-menu__link"
        onClick={[Function]}
      >
        override-failed-testing
      </button>
    </Button>
    <Button
      className="p-contextual-menu__link"
      key="9"
      onClick={[Function]}
    >
      <button
        className="p-button--neutral p-contextual-menu__link"
        onClick={[Function]}
      >
        release
      </button>
    </Button>
    <Button
      className="p-contextual-menu__link"
      key="10"
      onClick={[Function]}
    >
      <button
        className="p-button--neutral p-contextual-menu__link"
        onClick={[Function]}
      >
        rescue-mode
      </button>
    </Button>
    <Button
      className="p-contextual-menu__link"
      key="11"
      onClick={[Function]}
    >
      <button
        className="p-button--neutral p-contextual-menu__link"
        onClick={[Function]}
      >
        test
      </button>
    </Button>
    <Button
      className="p-contextual-menu__link"
      key="12"
      onClick={[Function]}
    >
      <button
        className="p-button--neutral p-contextual-menu__link"
        onClick={[Function]}
      >
        unlock
      </button>
    </Button>
  </span>
  <span
    className="p-contextual-menu__group"
    key="2"
  >
    <Button
      className="p-contextual-menu__link"
      element="a"
      href="/MAAS/l/machine/abc123?area=logs"
      key="0"
      onClick={[Function]}
    >
      <a
        className="p-button--neutral p-contextual-menu__link"
        href="/MAAS/l/machine/abc123?area=logs"
        onClick={[Function]}
      >
        See logs
      </a>
    </Button>
    <Button
      className="p-contextual-menu__link"
      element="a"
      href="/MAAS/l/machine/abc123?area=events"
      key="1"
      onClick={[Function]}
    >
      <a
        className="p-button--neutral p-contextual-menu__link"
        href="/MAAS/l/machine/abc123?area=events"
        onClick={[Function]}
      >
        See events
      </a>
    </Button>
  </span>
</span>
`;

exports[`StatusColumn renders 1`] = `
<StatusColumn
  onToggleMenu={[MockFunction]}
  systemId="abc123"
>
  <DoubleRow
    icon=""
    iconSpace={true}
    menuLinks={
      Array [
        Array [],
        Array [
          Object {
            "children": "See logs",
            "element": "a",
            "href": "/MAAS/l/machine/abc123?area=logs",
            "onClick": [Function],
          },
          Object {
            "children": "See events",
            "element": "a",
            "href": "/MAAS/l/machine/abc123?area=events",
            "onClick": [Function],
          },
        ],
      ]
    }
    menuTitle="Take action:"
    onToggleMenu={[Function]}
    primary={
      <span
        data-test="status-text"
        title="New"
      >
        New
      </span>
    }
    secondary={
      <React.Fragment>
        <span
          data-test="progress-text"
          title=""
        >
          
        </span>
        <span
          data-test="error-text"
        >
          
        </span>
      </React.Fragment>
    }
  >
    <div
      className="p-double-row--with-icon"
    >
      <div
        className="p-double-row__icon"
      >
        <div
          className="p-double-row__icon-space"
        />
      </div>
      <div
        className="p-double-row__rows-container"
      >
        <div
          className="p-double-row__primary-row"
        >
          <div
            className="p-double-row__primary-row-text u-truncate"
          >
            <span
              data-test="status-text"
              title="New"
            >
              New
            </span>
          </div>
          <TableMenu
            links={
              Array [
                Array [],
                Array [
                  Object {
                    "children": "See logs",
                    "element": "a",
                    "href": "/MAAS/l/machine/abc123?area=logs",
                    "onClick": [Function],
                  },
                  Object {
                    "children": "See events",
                    "element": "a",
                    "href": "/MAAS/l/machine/abc123?area=events",
                    "onClick": [Function],
                  },
                ],
              ]
            }
            onToggleMenu={[Function]}
            positionNode={null}
            title="Take action:"
          >
            <ContextualMenu
              className="p-table-menu"
              hasToggleIcon={true}
              links={
                Array [
                  "Take action:",
                  Array [],
                  Array [
                    Object {
                      "children": "See logs",
                      "element": "a",
                      "href": "/MAAS/l/machine/abc123?area=logs",
                      "onClick": [Function],
                    },
                    Object {
                      "children": "See events",
                      "element": "a",
                      "href": "/MAAS/l/machine/abc123?area=events",
                      "onClick": [Function],
                    },
                  ],
                ]
              }
              onToggleMenu={[Function]}
              position="left"
              positionNode={null}
              toggleAppearance="base"
              toggleClassName="u-no-margin--bottom p-table-menu__toggle"
              toggleDisabled={false}
            >
              <span
                className="p-table-menu p-contextual-menu p-contextual-menu--left"
                style={
                  Object {
                    "position": "relative",
                  }
                }
              >
                <Button
                  appearance="base"
                  aria-expanded="false"
                  aria-haspopup="true"
                  className="p-contextual-menu__toggle u-no-margin--bottom p-table-menu__toggle"
                  disabled={false}
                  hasIcon={true}
                  onClick={[Function]}
                  type="button"
                >
                  <button
                    aria-expanded="false"
                    aria-haspopup="true"
                    className="p-button--base has-icon p-contextual-menu__toggle u-no-margin--bottom p-table-menu__toggle"
                    disabled={false}
                    onClick={[Function]}
                    type="button"
                  >
                    <i
                      className="p-icon--contextual-menu p-contextual-menu__indicator"
                    />
                  </button>
                </Button>
              </span>
            </ContextualMenu>
          </TableMenu>
        </div>
        <div
          className="p-double-row__secondary-row u-truncate"
        >
          <span
            data-test="progress-text"
            title=""
          />
          <span
            data-test="error-text"
          />
        </div>
      </div>
    </div>
  </DoubleRow>
</StatusColumn>
`;
