// Jest Snapshot v1, https://goo.gl/fbAQLP

exports[`<Pager /> renders and matches the snapshot 1`] = `
<Pager
  currentPage={1}
  itemsPerPage={10}
  paginate={[MockFunction]}
  totalItems={50}
>
  <nav>
    <ul
      className="p-pagination"
    >
      <PagerButton
        direction="back"
        disabled={true}
        key="back"
        onClick={[Function]}
      >
        <li
          className="p-pagination__item"
        >
          <button
            className="p-pagination__link--previous"
            disabled={true}
            onClick={[Function]}
          >
            <i
              className="p-icon--contextual-menu"
            >
              Previous page
            </i>
          </button>
        </li>
      </PagerButton>
      <PagerItem
        isActive={true}
        key="1"
        number={1}
        onClick={[Function]}
      >
        <li
          className="p-pagination__item"
        >
          <button
            className="p-pagination__link is-active"
            onClick={[Function]}
          >
            1
          </button>
        </li>
      </PagerItem>
      <PagerItem
        isActive={false}
        key="2"
        number={2}
        onClick={[Function]}
      >
        <li
          className="p-pagination__item"
        >
          <button
            className="p-pagination__link"
            onClick={[Function]}
          >
            2
          </button>
        </li>
      </PagerItem>
      <PagerItem
        isActive={false}
        key="3"
        number={3}
        onClick={[Function]}
      >
        <li
          className="p-pagination__item"
        >
          <button
            className="p-pagination__link"
            onClick={[Function]}
          >
            3
          </button>
        </li>
      </PagerItem>
      <PagerItem
        isActive={false}
        key="4"
        number={4}
        onClick={[Function]}
      >
        <li
          className="p-pagination__item"
        >
          <button
            className="p-pagination__link"
            onClick={[Function]}
          >
            4
          </button>
        </li>
      </PagerItem>
      <PagerItem
        isActive={false}
        key="5"
        number={5}
        onClick={[Function]}
      >
        <li
          className="p-pagination__item"
        >
          <button
            className="p-pagination__link"
            onClick={[Function]}
          >
            5
          </button>
        </li>
      </PagerItem>
      <PagerButton
        direction="forward"
        disabled={false}
        key="forward"
        onClick={[Function]}
      >
        <li
          className="p-pagination__item"
        >
          <button
            className="p-pagination__link--next"
            disabled={false}
            onClick={[Function]}
          >
            <i
              className="p-icon--contextual-menu"
            >
              Next page
            </i>
          </button>
        </li>
      </PagerButton>
    </ul>
  </nav>
</Pager>
`;
