// Jest Snapshot v1, https://goo.gl/fbAQLP

exports[`matches the snapshot 1`] = `
<nav
  class="p-side-navigation"
>
  <button
    aria-controls="side-navigation-drawer"
    aria-expanded="false"
    class="p-side-navigation__toggle"
    data-testid="sidenav-toggle-open"
  >
    Toggle side navigation
  </button>
  <div
    aria-controls="side-navigation-drawer"
    aria-expanded="false"
    class="p-side-navigation__overlay"
  />
  <div
    class="p-side-navigation__drawer"
  >
    <div
      class="p-navigation__drawer-header"
    >
      <button
        aria-controls="side-navigation-drawer"
        aria-expanded="false"
        class="p-side-navigation__toggle--in-drawer"
        data-testid="sidenav-toggle-close"
      >
        Toggle side navigation
      </button>
    </div>
    <ul
      class="p-side-navigation__list"
    >
      <li
        class="p-side-navigation__item--title"
      >
        <span
          class="p-side-navigation__text p-side-navigation__item"
        >
          Configuration
        </span>
        <ul
          class="p-side-navigation__list"
        >
          <li
            class="p-side-navigation__item"
          >
            <a
              class="p-side-navigation__link"
              href="/settings/configuration/general"
            >
              General
            </a>
          </li>
          <li
            class="p-side-navigation__item"
          >
            <a
              class="p-side-navigation__link"
              href="/settings/configuration/commissioning"
            >
              Commissioning
            </a>
          </li>
          <li
            class="p-side-navigation__item"
          >
            <a
              class="p-side-navigation__link"
              href="/settings/configuration/deploy"
            >
              Deploy
            </a>
          </li>
          <li
            class="p-side-navigation__item"
          >
            <a
              class="p-side-navigation__link"
              href="/settings/configuration/kernel-parameters"
            >
              Kernel parameters
            </a>
          </li>
        </ul>
      </li>
      <li
        class="p-side-navigation__item--title"
      >
        <a
          class="p-side-navigation__link"
          href="/settings/users"
        >
          Users
        </a>
      </li>
    </ul>
  </div>
</nav>
`;
