// Jest Snapshot v1, https://goo.gl/fbAQLP

exports[`StatusColumn renders 1`] = `
<StatusColumn
  systemId="abc123"
>
  <DoubleRow
    icon=""
    primary={
      <span
        data-test="status-text"
        title="New"
      >
        New
      </span>
    }
    secondary={
      <span
        data-test="progress-text"
        title=""
      >
        
      </span>
    }
  >
    <div
      className="p-double-row"
    >
      <div
        className="p-double-row__primary-row u-truncate"
      >
        <span
          data-test="status-text"
          title="New"
        >
          New
        </span>
      </div>
      <div
        className="p-double-row__secondary-row u-truncate"
      >
        <span
          data-test="progress-text"
          title=""
        />
      </div>
    </div>
  </DoubleRow>
</StatusColumn>
`;
