// Jest Snapshot v1, https://goo.gl/fbAQLP

exports[`CPUPopover renders and matches the snapshot 1`] = `
<CPUPopover
  assigned={10}
  overcommit={3}
  physical={6}
>
  <div
    onBlur={[Function]}
    onFocus={[Function]}
    onMouseOut={[Function]}
    onMouseOver={[Function]}
  >
    Child
    <Component>
      <Portal
        containerInfo={
          <div>
            <div
              class="cpu-popover"
              style="position: absolute; left: 0px; top: 0px;"
            >
              <div
                class="cpu-popover__primary"
              >
                <div
                  class="cpu-popover__row"
                >
                  <div
                    class="cpu-popover__value"
                    data-test="assigned"
                  >
                    <div
                      class="cpu-popover__assigned"
                    />
                    10
                  </div>
                  <div
                    class="cpu-popover__label"
                  >
                    Assigned
                  </div>
                </div>
                <div
                  class="cpu-popover__row"
                >
                  <div
                    class="cpu-popover__value"
                    data-test="unassigned"
                  >
                    <div
                      class="cpu-popover__unassigned"
                    />
                    8
                  </div>
                  <div
                    class="cpu-popover__label"
                  >
                    Unassigned
                  </div>
                </div>
              </div>
              <div
                class="cpu-popover__secondary"
              >
                <div
                  class="cpu-popover__row"
                >
                  <div
                    class="cpu-popover__value"
                    data-test="physical"
                  >
                    6
                  </div>
                  <div
                    class="cpu-popover__label"
                  >
                    Physical cores
                  </div>
                </div>
                <div
                  class="cpu-popover__row"
                >
                  <div
                    class="cpu-popover__value"
                  >
                    × 
                    <span
                      data-test="overcommit"
                    >
                      3
                    </span>
                  </div>
                  <div
                    class="cpu-popover__label"
                  >
                    Overcommit ratio
                  </div>
                </div>
                <hr
                  class="u-sv1"
                />
                <div
                  class="cpu-popover__row"
                >
                  <div
                    class="cpu-popover__value"
                    data-test="total"
                  >
                    18
                  </div>
                  <div
                    class="cpu-popover__label"
                  >
                    Total
                  </div>
                </div>
              </div>
            </div>
          </div>
        }
      >
        <div
          className="cpu-popover"
          style={
            Object {
              "left": 0,
              "position": "absolute",
              "top": 0,
            }
          }
        >
          <div
            className="cpu-popover__primary"
          >
            <div
              className="cpu-popover__row"
            >
              <div
                className="cpu-popover__value"
                data-test="assigned"
              >
                <div
                  className="cpu-popover__assigned"
                />
                10
              </div>
              <div
                className="cpu-popover__label"
              >
                Assigned
              </div>
            </div>
            <div
              className="cpu-popover__row"
            >
              <div
                className="cpu-popover__value"
                data-test="unassigned"
              >
                <div
                  className="cpu-popover__unassigned"
                />
                8
              </div>
              <div
                className="cpu-popover__label"
              >
                Unassigned
              </div>
            </div>
          </div>
          <div
            className="cpu-popover__secondary"
          >
            <div
              className="cpu-popover__row"
            >
              <div
                className="cpu-popover__value"
                data-test="physical"
              >
                6
              </div>
              <div
                className="cpu-popover__label"
              >
                Physical cores
              </div>
            </div>
            <div
              className="cpu-popover__row"
            >
              <div
                className="cpu-popover__value"
              >
                × 
                <span
                  data-test="overcommit"
                >
                  3
                </span>
              </div>
              <div
                className="cpu-popover__label"
              >
                Overcommit ratio
              </div>
            </div>
            <hr
              className="u-sv1"
            />
            <div
              className="cpu-popover__row"
            >
              <div
                className="cpu-popover__value"
                data-test="total"
              >
                18
              </div>
              <div
                className="cpu-popover__label"
              >
                Total
              </div>
            </div>
          </div>
        </div>
      </Portal>
    </Component>
  </div>
</CPUPopover>
`;
