// Jest Snapshot v1, https://goo.gl/fbAQLP

exports[`PoolColumn renders 1`] = `
<PoolColumn
  systemId="abc123"
>
  <DoubleRow
    menuLinks={
      Array [
        Object {
          "children": "Backup",
          "onClick": [Function],
        },
      ]
    }
    menuTitle="Change pool:"
    primary={
      <span
        data-test="pool"
      >
        <a
          className="p-link--soft"
          href="#/pools"
          title="default"
        >
          default
        </a>
      </span>
    }
    primaryAriaLabel="Pool"
    secondary={
      <span
        data-test="note"
        title="Firmware old"
      >
        Firmware old
      </span>
    }
    secondaryAriaLabel="Note"
  >
    <div
      className="p-double-row"
    >
      <div
        className="p-double-row__rows-container"
      >
        <div
          aria-label="Pool"
          className="p-double-row__primary-row"
        >
          <div
            className="p-double-row__primary-row-text u-truncate"
          >
            <span
              data-test="pool"
            >
              <a
                className="p-link--soft"
                href="#/pools"
                title="default"
              >
                default
              </a>
            </span>
          </div>
          <TableMenu
            links={
              Array [
                Object {
                  "children": "Backup",
                  "onClick": [Function],
                },
              ]
            }
            title="Change pool:"
          >
            <ContextualMenu
              className="p-table-menu"
              hasToggleIcon={true}
              links={
                Array [
                  "Change pool:",
                  Array [
                    Object {
                      "children": "Backup",
                      "onClick": [Function],
                    },
                  ],
                ]
              }
              position="center"
              toggleAppearance="base"
              toggleClassName="u-no-margin--bottom p-table-menu__toggle"
            >
              <span
                className="p-table-menu p-contextual-menu--center"
              >
                <Button
                  appearance="base"
                  aria-controls="Uakgb_J5m9g-0JDMbcJqLJ"
                  aria-expanded="false"
                  aria-haspopup="true"
                  className="p-contextual-menu__toggle u-no-margin--bottom p-table-menu__toggle"
                  hasIcon={true}
                  onClick={[Function]}
                >
                  <button
                    aria-controls="Uakgb_J5m9g-0JDMbcJqLJ"
                    aria-expanded="false"
                    aria-haspopup="true"
                    className="p-button--base has-icon p-contextual-menu__toggle u-no-margin--bottom p-table-menu__toggle"
                    onClick={[Function]}
                  >
                    <i
                      className="p-icon--contextual-menu p-contextual-menu__indicator"
                    />
                  </button>
                </Button>
              </span>
            </ContextualMenu>
          </TableMenu>
        </div>
        <div
          aria-label="Note"
          className="p-double-row__secondary-row u-truncate"
        >
          <span
            data-test="note"
            title="Firmware old"
          >
            Firmware old
          </span>
        </div>
      </div>
    </div>
  </DoubleRow>
</PoolColumn>
`;
