// Jest Snapshot v1, https://goo.gl/fbAQLP

exports[`NameColumn renders 1`] = `
<NameColumn
  handleCheckbox={[MockFunction]}
  systemId="abc123"
>
  <DoubleRow
    data-test="name-column"
    primary={
      <RowCheckbox
        handleRowCheckbox={[MockFunction]}
        inputLabel={
          <Link
            to="/undefined/abc123"
          >
            <strong
              data-test="hostname"
            >
              koala
            </strong>
            <small>
              .
              example
            </small>
          </Link>
        }
        item="abc123"
      />
    }
    secondary=""
    secondaryClassName="u-nudge--secondary-row"
  >
    <div
      className="p-double-row"
    >
      <div
        className="p-double-row__rows-container"
      >
        <div
          className="p-double-row__primary-row"
        >
          <div
            className="p-double-row__primary-row-text u-truncate"
          >
            <RowCheckbox
              handleRowCheckbox={[MockFunction]}
              inputLabel={
                <Link
                  to="/undefined/abc123"
                >
                  <strong
                    data-test="hostname"
                  >
                    koala
                  </strong>
                  <small>
                    .
                    example
                  </small>
                </Link>
              }
              item="abc123"
            >
              <Input
                checked={false}
                className="has-inline-label keep-label-opacity"
                label={
                  <Link
                    to="/undefined/abc123"
                  >
                    <strong
                      data-test="hostname"
                    >
                      koala
                    </strong>
                    <small>
                      .
                      example
                    </small>
                  </Link>
                }
                onChange={[Function]}
                type="checkbox"
                wrapperClassName="u-no-margin--bottom u-nudge--checkbox"
              >
                <Field
                  className="u-no-margin--bottom u-nudge--checkbox"
                  label={
                    <Link
                      to="/undefined/abc123"
                    >
                      <strong
                        data-test="hostname"
                      >
                        koala
                      </strong>
                      <small>
                        .
                        example
                      </small>
                    </Link>
                  }
                  labelFirst={false}
                >
                  <div
                    className="p-form__group p-form-validation u-no-margin--bottom u-nudge--checkbox"
                  >
                    <div
                      className="p-form__control u-clearfix"
                    >
                      <input
                        checked={false}
                        className="p-form-validation__input has-inline-label keep-label-opacity"
                        onChange={[Function]}
                        type="checkbox"
                      />
                      <Label>
                        <label
                          className="p-form__label"
                        >
                          <Link
                            to="/undefined/abc123"
                          >
                            <LinkAnchor
                              href="/undefined/abc123"
                              navigate={[Function]}
                            >
                              <a
                                href="/undefined/abc123"
                                onClick={[Function]}
                              >
                                <strong
                                  data-test="hostname"
                                >
                                  koala
                                </strong>
                                <small>
                                  .
                                  example
                                </small>
                              </a>
                            </LinkAnchor>
                          </Link>
                        </label>
                      </Label>
                    </div>
                  </div>
                </Field>
              </Input>
            </RowCheckbox>
          </div>
        </div>
      </div>
    </div>
  </DoubleRow>
</NameColumn>
`;
