// Jest Snapshot v1, https://goo.gl/fbAQLP

exports[`NameColumn renders 1`] = `
<NameColumn
  systemId="abc123"
>
  <DoubleRow
    data-test="name-column"
    primary={
      <Input
        className="has-inline-label keep-label-opacity"
        disabled={false}
        id="abc123"
        label={
          <a
            href="/#/undefined/abc123"
          >
            <strong>
              koala
            </strong>
            <small>
              .
              example
            </small>
          </a>
        }
        onChange={[Function]}
        type="checkbox"
        wrapperClassName="u-no-margin--bottom"
      />
    }
    primaryTextClassName="u-nudge--checkbox"
    secondary=""
    secondaryClassName="u-nudge--secondary-row"
  >
    <div
      className="p-double-row"
    >
      <div
        className="p-double-row__rows-container"
      >
        <div
          className="p-double-row__primary-row"
        >
          <div
            className="p-double-row__primary-row-text u-truncate u-nudge--checkbox"
          >
            <Input
              className="has-inline-label keep-label-opacity"
              disabled={false}
              id="abc123"
              label={
                <a
                  href="/#/undefined/abc123"
                >
                  <strong>
                    koala
                  </strong>
                  <small>
                    .
                    example
                  </small>
                </a>
              }
              onChange={[Function]}
              type="checkbox"
              wrapperClassName="u-no-margin--bottom"
            >
              <Field
                className="u-no-margin--bottom"
                forId="abc123"
                label={
                  <a
                    href="/#/undefined/abc123"
                  >
                    <strong>
                      koala
                    </strong>
                    <small>
                      .
                      example
                    </small>
                  </a>
                }
                labelFirst={false}
              >
                <div
                  className="p-form__group p-form-validation u-no-margin--bottom"
                >
                  <div
                    className="p-form__control u-clearfix"
                  >
                    <input
                      className="p-form-validation__input has-inline-label keep-label-opacity"
                      disabled={false}
                      id="abc123"
                      onChange={[Function]}
                      type="checkbox"
                    />
                    <Label
                      forId="abc123"
                    >
                      <label
                        className="p-form__label"
                        htmlFor="abc123"
                      >
                        <a
                          href="/#/undefined/abc123"
                        >
                          <strong>
                            koala
                          </strong>
                          <small>
                            .
                            example
                          </small>
                        </a>
                      </label>
                    </Label>
                  </div>
                </div>
              </Field>
            </Input>
          </div>
        </div>
      </div>
    </div>
  </DoubleRow>
</NameColumn>
`;
