// Jest Snapshot v1, https://goo.gl/fbAQLP

exports[`ColumnToggle  renders 1`] = `
<Button
  appearance="link"
  className="column-toggle u-flex--between u-no-margin u-no-padding"
  onClick={[Function]}
>
  <span
    className="u-flex--grow u-nudge-left--small"
  >
    maas.local
  </span>
  <Icon
    className="u-flex--no-shrink"
    name="chevron-down"
  />
</Button>
`;
