// Jest Snapshot v1, https://goo.gl/fbAQLP

exports[`NotificationGroup renders 1`] = `
<NotificationGroup
  notifications={
    Array [
      Object {
        "category": "error",
        "id": 1,
        "message": "an error occurred",
      },
      Object {
        "category": "error",
        "id": 2,
        "message": "an error occurred",
      },
    ]
  }
  type="negative"
>
  <div
    className="row p-notification--group"
  >
    <div
      className="p-notification--negative"
    >
      <div
        className="p-notification__toggle"
      >
        <div
          className="p-notification__response u-no-max-width"
        >
          <ul
            className="p-inline-list u-no-margin--bottom"
          >
            <li
              className="p-inline-list__item"
            >
              <Button
                appearance="link"
                aria-label="2 negative, click to open messages."
                onClick={[Function]}
              >
                <button
                  aria-label="2 negative, click to open messages."
                  className="p-button--link"
                  onClick={[Function]}
                >
                  <span
                    className="p-notification__status"
                    data-test="notification-count"
                  >
                    2 Errors
                  </span>
                  <small>
                    <i
                      className="p-icon--expand"
                    />
                  </small>
                </button>
              </Button>
            </li>
            <li
              className="p-inline-list__item"
            >
              <Button
                appearance="link"
                className="p-notification__action"
                onClick={[Function]}
              >
                <button
                  className="p-button--link p-notification__action"
                  onClick={[Function]}
                >
                  Dismiss all
                </button>
              </Button>
            </li>
          </ul>
        </div>
      </div>
    </div>
  </div>
</NotificationGroup>
`;
