// Jest Snapshot v1, https://goo.gl/fbAQLP

exports[`CoreResources renders 1`] = `
<div
  className="core-resources"
>
  <h4
    className="core-resources__header p-heading--small u-sv1"
  >
    CPU cores
  </h4>
  <div
    className="core-resources__meter"
  >
    <PodMeter
      allocated={1}
      free={2}
      segmented={true}
    />
  </div>
  <div>
    <div
      data-test="pinned-section"
    >
      <hr />
      <h4
        className="core-resources__header p-heading--small u-sv1"
      >
        Pinned cores
      </h4>
      <div>
        1-4
      </div>
      <span
        className="p-text--paragraph u-text--light"
      >
        (Unpinned cores: 0, 5-7)
      </span>
    </div>
  </div>
</div>
`;
