// Jest Snapshot v1, https://goo.gl/fbAQLP

exports[`CoreResources renders 1`] = `
<div
  className="core-resources"
>
  <h4
    className="core-resources__header p-heading--small u-sv1"
  >
    CPU cores
  </h4>
  <div
    className="core-resources__meter"
  >
    <PodMeter
      allocated={1}
      free={2}
      segmented={true}
    />
  </div>
  <hr />
     <div>
       <h4 className="core-resources__header p-heading--small u-sv1">
          Pinned Cores
       </h4>
       <div>pinned={1,2,3,4}</div>
       <span className="p-text--paragraph u-text--light">
          available={0,5,6,7}       
        </span>
   </div>
</div>
`;
