// Jest Snapshot v1, https://goo.gl/fbAQLP

exports[`ZoneColumn renders 1`] = `
<ZoneColumn
  systemId="abc123"
>
  <DoubleRow
    primary={
      <span
        data-test="zone"
      >
        zone-north
      </span>
    }
    secondary={
      <span
        data-test="spaces"
      >
        management
      </span>
    }
  >
    <div
      className="p-double-row"
    >
      <div
        className="p-double-row__rows-container"
      >
        <div
          className="p-double-row__primary-row"
        >
          <div
            className="p-double-row__primary-row-text u-truncate"
          >
            <span
              data-test="zone"
            >
              zone-north
            </span>
          </div>
        </div>
        <div
          className="p-double-row__secondary-row u-truncate"
        >
          <span
            data-test="spaces"
          >
            management
          </span>
        </div>
      </div>
    </div>
  </DoubleRow>
</ZoneColumn>
`;
