// Jest Snapshot v1, https://goo.gl/fbAQLP

exports[`NodeNameFields displays the fields 1`] = `
<NodeNameFields>
  <FormikField
    className="node-name__hostname"
    name="hostname"
    required={true}
    style={
      Object {
        "width": "0ch",
      }
    }
    takeFocus={true}
    type="text"
    wrapperClassName="u-nudge-left--small u-no-margin--right"
  >
    <Input
      className="node-name__hostname"
      error={null}
      id="Uakgb_J5m9g-0JDMbcJqLJ1"
      name="hostname"
      onBlur={[Function]}
      onChange={[Function]}
      required={true}
      style={
        Object {
          "width": "0ch",
        }
      }
      takeFocus={true}
      type="text"
      value=""
      wrapperClassName="u-nudge-left--small u-no-margin--right"
    >
      <Field
        className="u-nudge-left--small u-no-margin--right"
        error={null}
        forId="Uakgb_J5m9g-0JDMbcJqLJ1"
        labelFirst={true}
        required={true}
      >
        <div
          className="p-form__group p-form-validation u-nudge-left--small u-no-margin--right"
        >
          <div
            className="p-form__control u-clearfix"
          >
            <input
              aria-invalid={false}
              className="p-form-validation__input node-name__hostname"
              id="Uakgb_J5m9g-0JDMbcJqLJ1"
              name="hostname"
              onBlur={[Function]}
              onChange={[Function]}
              style={
                Object {
                  "width": "0ch",
                }
              }
              type="text"
              value=""
            />
          </div>
        </div>
      </Field>
    </Input>
  </FormikField>
  <span
    className="u-nudge-left--small u-no-margin--right"
  >
    .
  </span>
  <DomainSelect
    className="u-no-margin--bottom"
    label={null}
    name="domain"
    required={true}
    valueKey="id"
    wrapperClassName="u-nudge-left u-no-margin--right"
  >
    <FormikField
      className="u-no-margin--bottom"
      component={[Function]}
      disabled={false}
      label={null}
      name="domain"
      options={
        Array [
          Object {
            "disabled": true,
            "label": "Select domain",
            "value": "",
          },
        ]
      }
      required={true}
      wrapperClassName="u-nudge-left u-no-margin--right"
    >
      <Select
        aria-label={null}
        className="u-no-margin--bottom"
        disabled={false}
        error={null}
        id="Uakgb_J5m9g-0JDMbcJqLJ2"
        label={null}
        name="domain"
        onBlur={[Function]}
        onChange={[Function]}
        options={
          Array [
            Object {
              "disabled": true,
              "label": "Select domain",
              "value": "",
            },
          ]
        }
        required={true}
        value=""
        wrapperClassName="u-nudge-left u-no-margin--right"
      >
        <Field
          className="u-nudge-left u-no-margin--right"
          error={null}
          forId="Uakgb_J5m9g-0JDMbcJqLJ2"
          isSelect={true}
          label={null}
          required={true}
        >
          <div
            className="p-form__group p-form-validation u-nudge-left u-no-margin--right"
          >
            <div
              className="p-form__control u-clearfix"
            >
              <div
                className="p-form-validation__select-wrapper"
              >
                <select
                  aria-label={null}
                  className="p-form-validation__input u-no-margin--bottom"
                  disabled={false}
                  id="Uakgb_J5m9g-0JDMbcJqLJ2"
                  name="domain"
                  onBlur={[Function]}
                  onChange={[Function]}
                  value=""
                >
                  <option
                    disabled={true}
                    key="Select domain"
                    value=""
                  >
                    Select domain
                  </option>
                </select>
              </div>
            </div>
          </div>
        </Field>
      </Select>
    </FormikField>
  </DomainSelect>
</NodeNameFields>
`;
