// Jest Snapshot v1, https://goo.gl/fbAQLP

exports[`NetworkActions renders 1`] = `
<NetworkActions
  setSelectedAction={[MockFunction]}
  systemId="abc123"
>
  <Row
    className="is-shallow"
  >
    <div
      className="is-shallow row"
    >
      <Col
        size="8"
      >
        <div
          className="col-8"
        />
      </Col>
      <Col
        className="u-align--right"
        size="4"
      >
        <div
          className="u-align--right col-4"
        >
          <Button
            disabled={false}
            onClick={[Function]}
          >
            <button
              className="p-button--neutral"
              disabled={false}
              onClick={[Function]}
            >
              Validate network configuration
            </button>
          </Button>
        </div>
      </Col>
    </div>
  </Row>
</NetworkActions>
`;
