// Jest Snapshot v1, https://goo.gl/fbAQLP

exports[`Main renders 1`] = `
<Fragment>
  <withRouter(Header)
    authUser={
      Object {
        "email": "test@example.com",
        "first_name": "",
        "global_permissions": Array [
          "machine_create",
        ],
        "id": 1,
        "is_superuser": true,
        "last_name": "",
        "sshkeys_count": 0,
        "username": "admin",
      }
    }
  />
  <Routes />
</Fragment>
`;
