// Jest Snapshot v1, https://goo.gl/fbAQLP

exports[`NameColumn renders 1`] = `
<NameColumn
  callId="abc123"
  groupKey="admin1"
  showActions={true}
  systemId="abc123"
>
  <DoubleRow
    data-testid="name-column"
    primary={
      <MachineCheckbox
        callId="abc123"
        groupKey="admin1"
        label={
          <Link
            title="test-machine-1.maas"
            to="/machine/abc123"
          >
            <strong
              data-testid="hostname"
            >
              koala
            </strong>
            <small>
              .
              example
            </small>
          </Link>
        }
        systemId="abc123"
      />
    }
    secondary={<NonBreakingSpace />}
    secondaryClassName="u-flex u-nudge--secondary-row u-align--left"
  >
    <div
      className="p-double-row"
    >
      <div
        className="p-double-row__rows-container"
      >
        <div
          className="p-double-row__primary-row"
        >
          <div
            className="p-double-row__primary-row-text u-truncate"
            data-testid="primary"
          >
            <MachineCheckbox
              callId="abc123"
              groupKey="admin1"
              label={
                <Link
                  title="test-machine-1.maas"
                  to="/machine/abc123"
                >
                  <strong
                    data-testid="hostname"
                  >
                    koala
                  </strong>
                  <small>
                    .
                    example
                  </small>
                </Link>
              }
              systemId="abc123"
            >
              <TableCheckbox
                callId="abc123"
                inputLabel={
                  <Link
                    title="test-machine-1.maas"
                    to="/machine/abc123"
                  >
                    <strong
                      data-testid="hostname"
                    >
                      koala
                    </strong>
                    <small>
                      .
                      example
                    </small>
                  </Link>
                }
                isChecked="false"
                isDisabled={false}
                onGenerateSelected={[Function]}
              >
                <Input
                  aria-checked="false"
                  checked={false}
                  disabled={false}
                  label={
                    <Link
                      title="test-machine-1.maas"
                      to="/machine/abc123"
                    >
                      <strong
                        data-testid="hostname"
                      >
                        koala
                      </strong>
                      <small>
                        .
                        example
                      </small>
                    </Link>
                  }
                  labelClassName="u-no-margin--bottom u-no-padding--top"
                  onChange={[Function]}
                  type="checkbox"
                  wrapperClassName="u-no-margin--bottom u-nudge--checkbox p-checkbox--non-disabled-label"
                >
                  <Field
                    className="u-no-margin--bottom u-nudge--checkbox p-checkbox--non-disabled-label"
                    helpId="mock-nanoid-2"
                    isTickElement={true}
                    label=""
                    labelClassName="u-no-margin--bottom u-no-padding--top"
                    validationId="mock-nanoid-1"
                  >
                    <div
                      className="p-form__group p-form-validation u-no-margin--bottom u-nudge--checkbox p-checkbox--non-disabled-label"
                    >
                      <div
                        className="p-form__control u-clearfix"
                      >
                        <CheckboxInput
                          aria-checked="false"
                          aria-describedby={null}
                          aria-errormessage={null}
                          aria-invalid={false}
                          checked={false}
                          disabled={false}
                          label={
                            <Link
                              title="test-machine-1.maas"
                              to="/machine/abc123"
                            >
                              <strong
                                data-testid="hostname"
                              >
                                koala
                              </strong>
                              <small>
                                .
                                example
                              </small>
                            </Link>
                          }
                          labelClassName="u-no-margin--bottom u-no-padding--top"
                          onChange={[Function]}
                        >
                          <CheckableInput
                            aria-checked="false"
                            aria-describedby={null}
                            aria-errormessage={null}
                            aria-invalid={false}
                            checked={false}
                            disabled={false}
                            indeterminate={false}
                            inputType="checkbox"
                            label={
                              <Link
                                title="test-machine-1.maas"
                                to="/machine/abc123"
                              >
                                <strong
                                  data-testid="hostname"
                                >
                                  koala
                                </strong>
                                <small>
                                  .
                                  example
                                </small>
                              </Link>
                            }
                            labelClassName="u-no-margin--bottom u-no-padding--top"
                            onChange={[Function]}
                          >
                            <label
                              className="u-no-margin--bottom u-no-padding--top p-checkbox"
                            >
                              <input
                                aria-checked="false"
                                aria-describedby={null}
                                aria-errormessage={null}
                                aria-invalid={false}
                                aria-labelledby="mock-nanoid-3"
                                checked={false}
                                className="p-checkbox__input"
                                disabled={false}
                                onChange={[Function]}
                                type="checkbox"
                              />
                              <span
                                className="p-checkbox__label"
                                id="mock-nanoid-3"
                              >
                                <Link
                                  title="test-machine-1.maas"
                                  to="/machine/abc123"
                                >
                                  <a
                                    href="/machine/abc123"
                                    onClick={[Function]}
                                    title="test-machine-1.maas"
                                  >
                                    <strong
                                      data-testid="hostname"
                                    >
                                      koala
                                    </strong>
                                    <small>
                                      .
                                      example
                                    </small>
                                  </a>
                                </Link>
                              </span>
                            </label>
                          </CheckableInput>
                        </CheckboxInput>
                      </div>
                    </div>
                  </Field>
                </Input>
              </TableCheckbox>
            </MachineCheckbox>
          </div>
        </div>
        <div
          className="p-double-row__secondary-row u-truncate u-flex u-nudge--secondary-row u-align--left"
          data-testid="secondary"
        >
          <NonBreakingSpace>
             
          </NonBreakingSpace>
        </div>
      </div>
    </div>
  </DoubleRow>
</NameColumn>
`;
