// Jest Snapshot v1, https://goo.gl/fbAQLP

exports[`Nav renders 1`] = `
<Nav>
  <nav
    className="settings-nav"
  >
    <ul
      className="settings-nav__list"
    >
      <li
        className="settings-nav__item"
        key="Configuration"
      >
        <strong>
          Configuration
        </strong>
        <ul
          className="settings-nav__list"
        >
          <li
            className="settings-nav__item"
            key="/configuration/general"
          >
            <Link
              className="p-link--soft"
              to="/configuration/general"
            >
              <a
                className="p-link--soft"
                href="/configuration/general"
                onClick={[Function]}
              >
                General
              </a>
            </Link>
          </li>
          <li
            className="settings-nav__item"
            key="/configuration/commissioning"
          >
            <Link
              className="p-link--soft"
              to="/configuration/commissioning"
            >
              <a
                className="p-link--soft"
                href="/configuration/commissioning"
                onClick={[Function]}
              >
                Commissioning
              </a>
            </Link>
          </li>
          <li
            className="settings-nav__item"
            key="/configuration/deploy"
          >
            <Link
              className="p-link--soft"
              to="/configuration/deploy"
            >
              <a
                className="p-link--soft"
                href="/configuration/deploy"
                onClick={[Function]}
              >
                Deploy
              </a>
            </Link>
          </li>
          <li
            className="settings-nav__item"
            key="/configuration/kernel-parameters"
          >
            <Link
              className="p-link--soft"
              to="/configuration/kernel-parameters"
            >
              <a
                className="p-link--soft"
                href="/configuration/kernel-parameters"
                onClick={[Function]}
              >
                Kernel parameters
              </a>
            </Link>
          </li>
        </ul>
      </li>
      <li
        className="settings-nav__item"
        key="/users"
      >
        <strong
          className=""
        >
          <Link
            className="p-link--soft"
            to="/users"
          >
            <a
              className="p-link--soft"
              href="/users"
              onClick={[Function]}
            >
              Users
            </a>
          </Link>
        </strong>
      </li>
      <li
        className="settings-nav__item"
        key="Images"
      >
        <strong>
          Images
        </strong>
        <ul
          className="settings-nav__list"
        >
          <li
            className="settings-nav__item"
            key="/images/ubuntu"
          >
            <Link
              className="p-link--soft"
              to="/images/ubuntu"
            >
              <a
                className="p-link--soft"
                href="/images/ubuntu"
                onClick={[Function]}
              >
                Ubuntu
              </a>
            </Link>
          </li>
          <li
            className="settings-nav__item"
            key="/images/windows"
          >
            <Link
              className="p-link--soft"
              to="/images/windows"
            >
              <a
                className="p-link--soft"
                href="/images/windows"
                onClick={[Function]}
              >
                Windows
              </a>
            </Link>
          </li>
          <li
            className="settings-nav__item"
            key="/images/vmware"
          >
            <Link
              className="p-link--soft"
              to="/images/vmware"
            >
              <a
                className="p-link--soft"
                href="/images/vmware"
                onClick={[Function]}
              >
                VMware
              </a>
            </Link>
          </li>
        </ul>
      </li>
      <li
        className="settings-nav__item"
        key="/storage"
      >
        <strong
          className=""
        >
          <Link
            className="p-link--soft"
            to="/storage"
          >
            <a
              className="p-link--soft"
              href="/storage"
              onClick={[Function]}
            >
              Storage
            </a>
          </Link>
        </strong>
      </li>
      <li
        className="settings-nav__item"
        key="Network"
      >
        <strong>
          Network
        </strong>
        <ul
          className="settings-nav__list"
        >
          <li
            className="settings-nav__item"
            key="/network/proxy"
          >
            <Link
              className="p-link--soft"
              to="/network/proxy"
            >
              <a
                className="p-link--soft"
                href="/network/proxy"
                onClick={[Function]}
              >
                Proxy
              </a>
            </Link>
          </li>
          <li
            className="settings-nav__item"
            key="/network/dns"
          >
            <Link
              className="p-link--soft"
              to="/network/dns"
            >
              <a
                className="p-link--soft"
                href="/network/dns"
                onClick={[Function]}
              >
                DNS
              </a>
            </Link>
          </li>
          <li
            className="settings-nav__item"
            key="/network/ntp"
          >
            <Link
              className="p-link--soft"
              to="/network/ntp"
            >
              <a
                className="p-link--soft"
                href="/network/ntp"
                onClick={[Function]}
              >
                NTP
              </a>
            </Link>
          </li>
          <li
            className="settings-nav__item"
            key="/network/syslog"
          >
            <Link
              className="p-link--soft"
              to="/network/syslog"
            >
              <a
                className="p-link--soft"
                href="/network/syslog"
                onClick={[Function]}
              >
                Syslog
              </a>
            </Link>
          </li>
          <li
            className="settings-nav__item"
            key="/network/network-discovery"
          >
            <Link
              className="p-link--soft"
              to="/network/network-discovery"
            >
              <a
                className="p-link--soft"
                href="/network/network-discovery"
                onClick={[Function]}
              >
                Network discovery
              </a>
            </Link>
          </li>
        </ul>
      </li>
      <li
        className="settings-nav__item"
        key="/scripts"
      >
        <strong
          className=""
        >
          <Link
            className="p-link--soft"
            to="/scripts"
          >
            <a
              className="p-link--soft"
              href="/scripts"
              onClick={[Function]}
            >
              Scripts
            </a>
          </Link>
        </strong>
        <ul
          className="settings-nav__list"
        >
          <li
            className="settings-nav__item"
            key="user-scripts"
          >
            <Link
              className="p-link--soft"
              to="user-scripts"
            >
              <a
                className="p-link--soft"
                href="/user-scripts"
                onClick={[Function]}
              >
                User scripts
              </a>
            </Link>
          </li>
          <li
            className="settings-nav__item"
            key="built-in-scripts"
          >
            <Link
              className="p-link--soft"
              to="built-in-scripts"
            >
              <a
                className="p-link--soft"
                href="/built-in-scripts"
                onClick={[Function]}
              >
                Built-in scripts
              </a>
            </Link>
          </li>
        </ul>
      </li>
      <li
        className="settings-nav__item"
        key="/dhcp"
      >
        <strong
          className=""
        >
          <Link
            className="p-link--soft"
            to="/dhcp"
          >
            <a
              className="p-link--soft"
              href="/dhcp"
              onClick={[Function]}
            >
              DHCP snippets
            </a>
          </Link>
        </strong>
      </li>
      <li
        className="settings-nav__item"
        key="/repositories"
      >
        <strong
          className=""
        >
          <Link
            className="p-link--soft"
            to="/repositories"
          >
            <a
              className="p-link--soft"
              href="/repositories"
              onClick={[Function]}
            >
              Package repos
            </a>
          </Link>
        </strong>
      </li>
    </ul>
  </nav>
</Nav>
`;
