// Jest Snapshot v1, https://goo.gl/fbAQLP

exports[`Nav renders 1`] = `
<nav
  className="settings-nav"
>
  <ul
    className="settings-nav__list"
  >
    <li
      className="settings-nav__item"
      key="/configuration"
    >
      <strong
        className=""
      >
        <Link
          className="p-link--soft"
          to="/configuration"
        >
          Configuration
        </Link>
      </strong>
      <ul
        className="settings-nav__list"
      >
        <li
          className="settings-nav__item"
          key="/configuration/general"
        >
          <Link
            className="p-link--soft"
            to="/configuration/general"
          >
            General
          </Link>
        </li>
        <li
          className="settings-nav__item"
          key="/configuration/commissioning"
        >
          <Link
            className="p-link--soft"
            to="/configuration/commissioning"
          >
            Commissioning
          </Link>
        </li>
        <li
          className="settings-nav__item"
          key="/configuration/deploy"
        >
          <Link
            className="p-link--soft"
            to="/configuration/deploy"
          >
            Deploy
          </Link>
        </li>
        <li
          className="settings-nav__item"
          key="/configuration/kernel-parameters"
        >
          <Link
            className="p-link--soft"
            to="/configuration/kernel-parameters"
          >
            Kernel parameters
          </Link>
        </li>
      </ul>
    </li>
    <li
      className="settings-nav__item"
      key="/users"
    >
      <strong
        className=""
      >
        <Link
          className="p-link--soft"
          to="/users"
        >
          Users
        </Link>
      </strong>
    </li>
    <li
      className="settings-nav__item"
      key="/images"
    >
      <strong
        className=""
      >
        <Link
          className="p-link--soft"
          to="/images"
        >
          Images
        </Link>
      </strong>
      <ul
        className="settings-nav__list"
      >
        <li
          className="settings-nav__item"
          key="/images/ubuntu"
        >
          <Link
            className="p-link--soft"
            to="/images/ubuntu"
          >
            Ubuntu
          </Link>
        </li>
        <li
          className="settings-nav__item"
          key="/images/centos"
        >
          <Link
            className="p-link--soft"
            to="/images/centos"
          >
            CentOS
          </Link>
        </li>
        <li
          className="settings-nav__item"
          key="/images/windows"
        >
          <Link
            className="p-link--soft"
            to="/images/windows"
          >
            Windows
          </Link>
        </li>
        <li
          className="settings-nav__item"
          key="/images/vmware"
        >
          <Link
            className="p-link--soft"
            to="/images/vmware"
          >
            VMware
          </Link>
        </li>
      </ul>
    </li>
    <li
      className="settings-nav__item"
      key="/storage"
    >
      <strong
        className=""
      >
        <Link
          className="p-link--soft"
          to="/storage"
        >
          Storage
        </Link>
      </strong>
    </li>
    <li
      className="settings-nav__item"
      key="/network"
    >
      <strong
        className=""
      >
        <Link
          className="p-link--soft"
          to="/network"
        >
          Network
        </Link>
      </strong>
      <ul
        className="settings-nav__list"
      >
        <li
          className="settings-nav__item"
          key="/network/proxy"
        >
          <Link
            className="p-link--soft"
            to="/network/proxy"
          >
            Proxy
          </Link>
        </li>
        <li
          className="settings-nav__item"
          key="/network/dns"
        >
          <Link
            className="p-link--soft"
            to="/network/dns"
          >
            DNS
          </Link>
        </li>
        <li
          className="settings-nav__item"
          key="/network/ntp"
        >
          <Link
            className="p-link--soft"
            to="/network/ntp"
          >
            NTP
          </Link>
        </li>
        <li
          className="settings-nav__item"
          key="/network/syslog"
        >
          <Link
            className="p-link--soft"
            to="/network/syslog"
          >
            Syslog
          </Link>
        </li>
      </ul>
    </li>
    <li
      className="settings-nav__item"
      key="/scripts"
    >
      <strong
        className=""
      >
        <Link
          className="p-link--soft"
          to="/scripts"
        >
          Scripts
        </Link>
      </strong>
      <ul
        className="settings-nav__list"
      >
        <li
          className="settings-nav__item"
          key="/scripts/user-scripts"
        >
          <Link
            className="p-link--soft"
            to="/scripts/user-scripts"
          >
            User scripts
          </Link>
        </li>
        <li
          className="settings-nav__item"
          key="/scripts/built-in-scripts"
        >
          <Link
            className="p-link--soft"
            to="/scripts/built-in-scripts"
          >
            Built-in scripts
          </Link>
        </li>
      </ul>
    </li>
    <li
      className="settings-nav__item"
      key="/dhcp"
    >
      <strong
        className=""
      >
        <Link
          className="p-link--soft"
          to="/dhcp"
        >
          DHCP snippets
        </Link>
      </strong>
    </li>
    <li
      className="settings-nav__item"
      key="/repositories"
    >
      <strong
        className=""
      >
        <Link
          className="p-link--soft"
          to="/repositories"
        >
          Package repos
        </Link>
      </strong>
    </li>
  </ul>
</nav>
`;
