// Jest Snapshot v1, https://goo.gl/fbAQLP

exports[`OverallRam renders 1`] = `
<div
  className="overall-ram"
>
  <div
    className="overall-ram__chart-container"
  >
    <h4
      className="p-heading--small"
    >
      RAM
    </h4>
    <DoughnutChart
      className="overall-ram__chart"
      label="21B"
      segmentHoverWidth={18}
      segmentWidth={15}
      segments={
        Array [
          Object {
            "color": "#0E8420",
            "tooltip": "Project 5B",
            "value": 5,
          },
          Object {
            "color": "#0066CC",
            "tooltip": "Others 7B",
            "value": 7,
          },
          Object {
            "color": "#D3E4ED",
            "tooltip": "Free 9B",
            "value": 9,
          },
        ]
      }
      size={96}
    />
  </div>
  <table
    className="overall-ram__table"
  >
    <thead>
      <tr>
        <th />
        <th
          className="u-align--right u-text--light"
        >
          <span
            className="u-nudge-left"
          >
            Allocated
          </span>
        </th>
      </tr>
    </thead>
    <tbody>
      <tr>
        <td>
          Project
        </td>
        <td
          className="u-align--right"
        >
          5B
          <span
            className="u-nudge-right--small"
          >
            <i
              className="p-circle--positive"
            />
          </span>
        </td>
      </tr>
      <tr>
        <td>
          Others
        </td>
        <td
          className="u-align--right"
        >
          7B
          <span
            className="u-nudge-right--small"
          >
            <i
              className="p-circle--link"
            />
          </span>
        </td>
      </tr>
      <tr>
        <td>
          Free
        </td>
        <td
          className="u-align--right"
        >
          9B
          <span
            className="u-nudge-right--small"
          >
            <i
              className="p-circle--link-faded"
            />
          </span>
        </td>
      </tr>
    </tbody>
  </table>
</div>
`;
