// Jest Snapshot v1, https://goo.gl/fbAQLP

exports[`DhcpTarget can display a node link 1`] = `
<Link
  to="/machine/xyz"
>
  <LinkAnchor
    href="/machine/xyz"
    navigate={[Function]}
  >
    <a
      href="/machine/xyz"
      onClick={[Function]}
    >
      machine1
      <small>
        .
        test
      </small>
    </a>
  </LinkAnchor>
</Link>
`;
