// Jest Snapshot v1, https://goo.gl/fbAQLP

exports[`LXDVMsSummaryCard renders 1`] = `
<div
  className="lxd-vms-summary-card"
>
  <RamResources
    dynamicLayout={true}
    general={
      Object {
        "allocated": 1,
        "free": 2,
      }
    }
    hugepages={
      Object {
        "allocated": 3,
        "free": 4,
      }
    }
  />
  <CoreResources
    cores={
      Object {
        "allocated": 5,
        "free": 6,
      }
    }
    dynamicLayout={true}
  />
  <StorageResources
    storage={
      Object {
        "allocated": 10,
        "free": 11,
        "pools": Array [
          Object {
            "available": 12,
            "id": "0",
            "name": "pool-1",
            "path": "/path/0",
            "total": 13,
            "type": "lvm",
            "used": 300000000000,
          },
        ],
      }
    }
  />
  <VfResources
    interfaces={
      Array [
        Object {
          "id": 1,
          "name": "eth0",
          "numa_index": 0,
          "virtual_functions": Object {
            "allocated_other": 7,
            "allocated_tracked": 8,
            "free": 9,
          },
        },
      ]
    }
  />
</div>
`;
