// Jest Snapshot v1, https://goo.gl/fbAQLP

exports[`CoresColumn renders 1`] = `
<CoresColumn
  systemId="abc123"
>
  <DoubleRow
    className="u-align--right"
    primary={
      <ScriptStatus
        data-test="cores"
        hidePassedIcon={true}
        scriptType={
          Object {
            "status": 1,
          }
        }
        tooltipPosition="top-right"
      >
        4
      </ScriptStatus>
    }
    primaryAriaLabel="Cores"
    primaryClassName="u-align--right"
    secondary={
      <Tooltip
        message="amd64/generic"
        position="btm-left"
      >
        <span
          data-test="arch"
        >
          amd64
        </span>
      </Tooltip>
    }
    secondaryAriaLabel="Architecture"
  >
    <div
      className="p-double-row u-align--right"
    >
      <div
        className="p-double-row__rows-container"
      >
        <div
          aria-label="Cores"
          className="p-double-row__primary-row u-align--right"
        >
          <div
            className="p-double-row__primary-row-text u-truncate"
          >
            <ScriptStatus
              data-test="cores"
              hidePassedIcon={true}
              scriptType={
                Object {
                  "status": 1,
                }
              }
              tooltipPosition="top-right"
            >
              <i
                className="p-icon--running is-inline"
              />
              4
            </ScriptStatus>
          </div>
        </div>
        <div
          aria-label="Architecture"
          className="p-double-row__secondary-row u-truncate"
        >
          <Tooltip
            message="amd64/generic"
            position="btm-left"
          >
            <span
              onBlur={[Function]}
              onFocus={[Function]}
              onMouseOut={[Function]}
              onMouseOver={[Function]}
            >
              <span
                data-test="arch"
              >
                amd64
              </span>
            </span>
          </Tooltip>
        </div>
      </div>
    </div>
  </DoubleRow>
</CoresColumn>
`;
