// Jest Snapshot v1, https://goo.gl/fbAQLP

exports[`rootReducer should reset app to initial state on LOGOUT_SUCCESS, except status which
    resets to authenticating = false 1`] = `
Object {
  "bootresource": Object {
    "connectionError": false,
    "eventErrors": Array [],
    "fetchedImages": null,
    "otherImages": Array [],
    "rackImportRunning": false,
    "regionImportRunning": false,
    "resources": Array [],
    "statuses": Object {
      "deletingImage": false,
      "fetching": false,
      "polling": false,
      "savingOther": false,
      "savingUbuntu": false,
      "savingUbuntuCore": false,
      "stoppingImport": false,
    },
    "ubuntu": null,
    "ubuntuCoreImages": Array [],
  },
  "config": Object {
    "errors": null,
    "items": Array [],
    "loaded": false,
    "loading": false,
    "saved": false,
    "saving": false,
  },
  "controller": Object {
    "active": null,
    "errors": null,
    "eventErrors": Array [],
    "imageSyncStatuses": Object {},
    "items": Array [],
    "loaded": false,
    "loading": false,
    "saved": false,
    "saving": false,
    "selected": Array [],
    "statuses": Object {},
  },
  "device": Object {
    "active": null,
    "errors": null,
    "eventErrors": Array [],
    "items": Array [],
    "loaded": false,
    "loading": false,
    "saved": false,
    "saving": false,
    "selected": Array [],
    "statuses": Object {},
  },
  "dhcpsnippet": Object {
    "errors": null,
    "items": Array [],
    "loaded": false,
    "loading": false,
    "saved": false,
    "saving": false,
  },
  "discovery": Object {
    "errors": null,
    "items": Array [],
    "loaded": false,
    "loading": false,
    "saved": false,
    "saving": false,
  },
  "domain": Object {
    "active": null,
    "errors": null,
    "items": Array [],
    "loaded": false,
    "loading": false,
    "saved": false,
    "saving": false,
  },
  "event": Object {
    "errors": null,
    "items": Array [],
    "loaded": false,
    "loading": false,
    "saved": false,
    "saving": false,
  },
  "fabric": Object {
    "active": null,
    "errors": null,
    "items": Array [],
    "loaded": false,
    "loading": false,
    "saved": false,
    "saving": false,
  },
  "general": Object {
    "architectures": Object {
      "data": Array [],
      "errors": null,
      "loaded": false,
      "loading": false,
    },
    "bondOptions": Object {
      "data": null,
      "errors": null,
      "loaded": false,
      "loading": false,
    },
    "componentsToDisable": Object {
      "data": Array [],
      "errors": null,
      "loaded": false,
      "loading": false,
    },
    "defaultMinHweKernel": Object {
      "data": "",
      "errors": null,
      "loaded": false,
      "loading": false,
    },
    "generatedCertificate": Object {
      "data": null,
      "errors": null,
      "loaded": false,
      "loading": false,
    },
    "hweKernels": Object {
      "data": Array [],
      "errors": null,
      "loaded": false,
      "loading": false,
    },
    "knownArchitectures": Object {
      "data": Array [],
      "errors": null,
      "loaded": false,
      "loading": false,
    },
    "knownBootArchitectures": Object {
      "data": Array [],
      "errors": null,
      "loaded": false,
      "loading": false,
    },
    "machineActions": Object {
      "data": Array [],
      "errors": null,
      "loaded": false,
      "loading": false,
    },
    "osInfo": Object {
      "data": null,
      "errors": null,
      "loaded": false,
      "loading": false,
    },
    "pocketsToDisable": Object {
      "data": Array [],
      "errors": null,
      "loaded": false,
      "loading": false,
    },
    "powerTypes": Object {
      "data": Array [],
      "errors": null,
      "loaded": false,
      "loading": false,
    },
    "tlsCertificate": Object {
      "data": null,
      "errors": null,
      "loaded": false,
      "loading": false,
    },
    "version": Object {
      "data": "",
      "errors": null,
      "loaded": false,
      "loading": false,
    },
  },
  "iprange": Object {
    "errors": null,
    "items": Array [],
    "loaded": false,
    "loading": false,
    "saved": false,
    "saving": false,
  },
  "licensekeys": Object {
    "errors": null,
    "items": Array [],
    "loaded": false,
    "loading": false,
    "saved": false,
    "saving": false,
  },
  "machine": Object {
    "active": null,
    "errors": null,
    "eventErrors": Array [],
    "items": Array [],
    "loaded": false,
    "loading": false,
    "saved": false,
    "saving": false,
    "selected": Array [],
    "statuses": Object {},
  },
  "message": Object {
    "items": Array [],
  },
  "nodedevice": Object {
    "errors": null,
    "items": Array [],
    "loaded": false,
    "loading": false,
    "saved": false,
    "saving": false,
  },
  "nodescriptresult": Object {
    "items": Object {},
  },
  "notification": Object {
    "errors": null,
    "items": Array [],
    "loaded": false,
    "loading": false,
    "saved": false,
    "saving": false,
  },
  "packagerepository": Object {
    "errors": null,
    "items": Array [],
    "loaded": false,
    "loading": false,
    "saved": false,
    "saving": false,
  },
  "pod": Object {
    "active": null,
    "errors": null,
    "items": Array [],
    "loaded": false,
    "loading": false,
    "projects": Object {},
    "saved": false,
    "saving": false,
    "statuses": Object {},
  },
  "resourcepool": Object {
    "errors": null,
    "items": Array [],
    "loaded": false,
    "loading": false,
    "saved": false,
    "saving": false,
  },
  "router": Object {
    "action": "POP",
    "location": Object {
      "hash": "",
      "pathname": "/",
      "search": "",
      "state": null,
    },
  },
  "script": Object {
    "errors": null,
    "items": Array [],
    "loaded": false,
    "loading": false,
    "saved": false,
    "saving": false,
  },
  "scriptresult": Object {
    "errors": null,
    "history": Object {},
    "items": Array [],
    "loaded": false,
    "loading": false,
    "logs": null,
    "saved": false,
    "saving": false,
  },
  "service": Object {
    "errors": null,
    "items": Array [],
    "loaded": false,
    "loading": false,
    "saved": false,
    "saving": false,
  },
  "space": Object {
    "active": null,
    "errors": null,
    "items": Array [],
    "loaded": false,
    "loading": false,
    "saved": false,
    "saving": false,
  },
  "sshkey": Object {
    "errors": null,
    "items": Array [],
    "loaded": false,
    "loading": false,
    "saved": false,
    "saving": false,
  },
  "sslkey": Object {
    "errors": null,
    "items": Array [],
    "loaded": false,
    "loading": false,
    "saved": false,
    "saving": false,
  },
  "staticroute": Object {
    "errors": null,
    "items": Array [],
    "loaded": false,
    "loading": false,
    "saved": false,
    "saving": false,
  },
  "status": Object {
    "authenticated": false,
    "authenticating": false,
  },
  "subnet": Object {
    "active": null,
    "errors": null,
    "eventErrors": Array [],
    "items": Array [],
    "loaded": false,
    "loading": false,
    "saved": false,
    "saving": false,
    "statuses": Object {},
  },
  "tag": Object {
    "errors": null,
    "items": Array [],
    "loaded": false,
    "loading": false,
    "saved": false,
    "saving": false,
  },
  "token": Object {
    "errors": null,
    "items": Array [],
    "loaded": false,
    "loading": false,
    "saved": false,
    "saving": false,
  },
  "user": Object {
    "auth": Object {
      "errors": null,
      "loaded": false,
      "loading": false,
      "saved": false,
      "saving": false,
      "user": null,
    },
    "errors": null,
    "eventErrors": Array [],
    "items": Array [],
    "loaded": false,
    "loading": false,
    "saved": false,
    "saving": false,
    "statuses": Object {
      "markingIntroComplete": false,
    },
  },
  "vlan": Object {
    "active": null,
    "errors": null,
    "eventErrors": Array [],
    "items": Array [],
    "loaded": false,
    "loading": false,
    "saved": false,
    "saving": false,
    "statuses": Object {},
  },
  "vmcluster": Object {
    "errors": null,
    "eventErrors": Array [],
    "items": Array [],
    "loaded": false,
    "loading": false,
    "physicalClusters": Array [],
    "saved": false,
    "saving": false,
    "statuses": Object {
      "deleting": false,
      "getting": false,
    },
  },
  "zone": Object {
    "errors": null,
    "items": Array [],
    "loaded": false,
    "loading": false,
    "saved": false,
    "saving": false,
  },
}
`;
