// Jest Snapshot v1, https://goo.gl/fbAQLP

exports[`OwnerColumn renders 1`] = `
<OwnerColumn
  onToggleMenu={[MockFunction]}
  systemId="abc123"
>
  <DoubleRow
    menuLinks={
      Array [
        Object {
          "children": "No owner actions available",
          "disabled": true,
        },
      ]
    }
    menuTitle="Take action:"
    onToggleMenu={[Function]}
    primary={
      <React.Fragment>
        <span
          data-test="owner"
        >
          admin
        </span>
      </React.Fragment>
    }
    primaryTitle="admin"
    secondary={
      <span
        data-test="tags"
        title=""
      >
        
      </span>
    }
    secondaryTitle=""
  >
    <div
      className="p-double-row"
    >
      <div
        className="p-double-row__rows-container"
      >
        <div
          className="p-double-row__primary-row"
        >
          <div
            className="p-double-row__primary-row-text u-truncate"
            title="admin"
          >
            <span
              data-test="owner"
            >
              admin
            </span>
          </div>
          <TableMenu
            links={
              Array [
                Object {
                  "children": "No owner actions available",
                  "disabled": true,
                },
              ]
            }
            onToggleMenu={[Function]}
            positionNode={
              Object {
                "current": <div
                  class="p-double-row__primary-row"
                >
                  <div
                    class="p-double-row__primary-row-text u-truncate"
                    title="admin"
                  >
                    <span
                      data-test="owner"
                    >
                      admin
                    </span>
                  </div>
                  <span
                    class="p-table-menu p-contextual-menu--left"
                  >
                    <button
                      aria-controls="Uakgb_J5m9g-0JDMbcJqLJ"
                      aria-expanded="false"
                      aria-haspopup="true"
                      class="p-button--base has-icon p-contextual-menu__toggle u-no-margin--bottom p-table-menu__toggle"
                      type="button"
                    >
                      <i
                        class="p-icon--contextual-menu p-contextual-menu__indicator"
                      />
                    </button>
                  </span>
                </div>,
              }
            }
            title="Take action:"
          >
            <ContextualMenu
              className="p-table-menu"
              hasToggleIcon={true}
              links={
                Array [
                  "Take action:",
                  Object {
                    "children": "No owner actions available",
                    "disabled": true,
                  },
                ]
              }
              onToggleMenu={[Function]}
              position="left"
              positionNode={
                Object {
                  "current": <div
                    class="p-double-row__primary-row"
                  >
                    <div
                      class="p-double-row__primary-row-text u-truncate"
                      title="admin"
                    >
                      <span
                        data-test="owner"
                      >
                        admin
                      </span>
                    </div>
                    <span
                      class="p-table-menu p-contextual-menu--left"
                    >
                      <button
                        aria-controls="Uakgb_J5m9g-0JDMbcJqLJ"
                        aria-expanded="false"
                        aria-haspopup="true"
                        class="p-button--base has-icon p-contextual-menu__toggle u-no-margin--bottom p-table-menu__toggle"
                        type="button"
                      >
                        <i
                          class="p-icon--contextual-menu p-contextual-menu__indicator"
                        />
                      </button>
                    </span>
                  </div>,
                }
              }
              toggleAppearance="base"
              toggleClassName="u-no-margin--bottom p-table-menu__toggle"
            >
              <span
                className="p-table-menu p-contextual-menu--left"
              >
                <Button
                  appearance="base"
                  aria-controls="Uakgb_J5m9g-0JDMbcJqLJ"
                  aria-expanded="false"
                  aria-haspopup="true"
                  className="p-contextual-menu__toggle u-no-margin--bottom p-table-menu__toggle"
                  hasIcon={true}
                  onClick={[Function]}
                  type="button"
                >
                  <button
                    aria-controls="Uakgb_J5m9g-0JDMbcJqLJ"
                    aria-expanded="false"
                    aria-haspopup="true"
                    className="p-button--base has-icon p-contextual-menu__toggle u-no-margin--bottom p-table-menu__toggle"
                    onClick={[Function]}
                    type="button"
                  >
                    <i
                      className="p-icon--contextual-menu p-contextual-menu__indicator"
                    />
                  </button>
                </Button>
              </span>
            </ContextualMenu>
          </TableMenu>
        </div>
        <div
          className="p-double-row__secondary-row u-truncate"
          title=""
        >
          <span
            data-test="tags"
            title=""
          />
        </div>
      </div>
    </div>
  </DoubleRow>
</OwnerColumn>
`;
