// Jest Snapshot v1, https://goo.gl/fbAQLP

exports[`Users can render 1`] = `
<Fragment>
  <h4>
    Users
  </h4>
  <MainTable
    defaultSort="username"
    defaultSortDirection="ascending"
    headers={
      Array [
        Object {
          "content": "Username",
          "sortKey": "username",
        },
        Object {
          "content": "Email",
          "sortKey": "email",
        },
        Object {
          "className": "u-align--right",
          "content": "Machines",
          "sortKey": "machines",
        },
        Object {
          "content": "Type",
          "sortKey": "type",
        },
        Object {
          "content": "Last seen",
          "sortKey": "last-seen",
        },
        Object {
          "content": "Role",
          "sortKey": "role",
        },
        Object {
          "className": "u-align--right",
          "content": "MAAS keys",
          "sortKey": "maas-keys",
        },
        Object {
          "className": "u-align--right",
          "content": "Actions",
        },
      ]
    }
    rows={
      Array [
        Object {
          "columns": Array [
            Object {
              "content": "admin",
              "role": "rowheader",
            },
            Object {
              "content": "admin@example.com",
            },
            Object {
              "className": "u-align--right",
              "content": 37,
            },
            Object {
              "content": "Local",
            },
            Object {
              "content": "12 mins ago",
            },
            Object {
              "content": "Admin",
            },
            Object {
              "className": "u-align--right",
              "content": 2,
            },
            Object {
              "className": "u-align--right",
              "content": <React.Fragment>
                <Link
                  className="p-button--base is-small"
                  to="/users/1/edit"
                >
                  <i
                    className="p-icon--edit"
                  >
                    Edit
                  </i>
                </Link>
              </React.Fragment>,
            },
          ],
          "sortData": Object {
            "email": "admin@example.com",
            "last-seen": "2018-05-12",
            "maas-keys": 2,
            "machines": 37,
            "role": "Admin",
            "type": "local",
            "username": "admin",
          },
        },
        Object {
          "columns": Array [
            Object {
              "content": "simon",
              "role": "rowheader",
            },
            Object {
              "content": "simon@example.com",
            },
            Object {
              "className": "u-align--right",
              "content": 37,
            },
            Object {
              "content": "Local",
            },
            Object {
              "content": "12 mins ago",
            },
            Object {
              "content": null,
            },
            Object {
              "className": "u-align--right",
              "content": 9,
            },
            Object {
              "className": "u-align--right",
              "content": <React.Fragment>
                <Link
                  className="p-button--base is-small"
                  to="/users/2/edit"
                >
                  <i
                    className="p-icon--edit"
                  >
                    Edit
                  </i>
                </Link>
                <Link
                  className="p-button--base is-small"
                  to="/users/2/delete"
                >
                  <i
                    className="p-icon--delete"
                  >
                    Delete
                  </i>
                </Link>
              </React.Fragment>,
            },
          ],
          "sortData": Object {
            "email": "simon@example.com",
            "last-seen": "2018-05-12",
            "maas-keys": 9,
            "machines": 37,
            "role": null,
            "type": "local",
            "username": "simon",
          },
        },
      ]
    }
    sortable={true}
  />
</Fragment>
`;
