// Jest Snapshot v1, https://goo.gl/fbAQLP

exports[`PoolColumn renders 1`] = `
<PoolColumn
  onToggleMenu={[MockFunction]}
  systemId="abc123"
>
  <DoubleRow
    menuLinks={
      Array [
        Object {
          "children": "Backup",
          "onClick": [Function],
        },
      ]
    }
    menuTitle="Change pool:"
    onToggleMenu={[Function]}
    primary={
      <span
        data-test="pool"
      >
        <Link
          className="p-link--soft"
          to="/pools"
        >
          default
        </Link>
      </span>
    }
    primaryAriaLabel="Pool"
    primaryTitle="default"
    secondary={
      <span
        data-test="note"
        title="Firmware old"
      >
        Firmware old
      </span>
    }
    secondaryAriaLabel="Note"
    secondaryTitle="Firmware old"
  >
    <div
      className="p-double-row"
    >
      <div
        className="p-double-row__rows-container"
      >
        <div
          aria-label="Pool"
          className="p-double-row__primary-row"
        >
          <div
            className="p-double-row__primary-row-text u-truncate"
            title="default"
          >
            <span
              data-test="pool"
            >
              <Link
                className="p-link--soft"
                to="/pools"
              >
                <LinkAnchor
                  className="p-link--soft"
                  href="/pools"
                  navigate={[Function]}
                >
                  <a
                    className="p-link--soft"
                    href="/pools"
                    onClick={[Function]}
                  >
                    default
                  </a>
                </LinkAnchor>
              </Link>
            </span>
          </div>
          <TableMenu
            links={
              Array [
                Object {
                  "children": "Backup",
                  "onClick": [Function],
                },
              ]
            }
            onToggleMenu={[Function]}
            positionNode={null}
            title="Change pool:"
          >
            <ContextualMenu
              className="p-table-menu"
              hasToggleIcon={true}
              links={
                Array [
                  "Change pool:",
                  Object {
                    "children": "Backup",
                    "onClick": [Function],
                  },
                ]
              }
              onToggleMenu={[Function]}
              position="left"
              toggleAppearance="base"
              toggleClassName="u-no-margin--bottom p-table-menu__toggle"
              toggleDisabled={false}
            >
              <span
                className="p-table-menu p-contextual-menu p-contextual-menu--left"
                style={
                  Object {
                    "position": "relative",
                  }
                }
              >
                <Button
                  appearance="base"
                  aria-expanded="false"
                  aria-haspopup="true"
                  className="p-contextual-menu__toggle u-no-margin--bottom p-table-menu__toggle"
                  disabled={false}
                  hasIcon={true}
                  onClick={[Function]}
                  type="button"
                >
                  <button
                    aria-expanded="false"
                    aria-haspopup="true"
                    className="p-button--base has-icon p-contextual-menu__toggle u-no-margin--bottom p-table-menu__toggle"
                    disabled={false}
                    onClick={[Function]}
                    type="button"
                  >
                    <i
                      className="p-icon--contextual-menu p-contextual-menu__indicator"
                    />
                  </button>
                </Button>
              </span>
            </ContextualMenu>
          </TableMenu>
        </div>
        <div
          aria-label="Note"
          className="p-double-row__secondary-row u-truncate"
          title="Firmware old"
        >
          <span
            data-test="note"
            title="Firmware old"
          >
            Firmware old
          </span>
        </div>
      </div>
    </div>
  </DoubleRow>
</PoolColumn>
`;
