// Jest Snapshot v1, https://goo.gl/fbAQLP

exports[`TableConfirm renders 1`] = `
<div>
  <div
    class="row"
  >
    <div
      class="col-5"
    >
      <p
        class="u-no-margin--bottom u-no-max-width"
      >
        Are you sure
      </p>
    </div>
    <div
      class="u-align--right col-4"
    >
      <button
        class="p-button u-no-margin--bottom"
        data-testid="action-cancel"
      >
        Cancel
      </button>
      <button
        class="u-no-margin--bottom p-action-button p-button--positive"
        data-testid="action-confirm"
        type="button"
      >
        save
      </button>
    </div>
  </div>
</div>
`;
