// Jest Snapshot v1, https://goo.gl/fbAQLP

exports[`NumaCard renders with numa nodes 1`] = `
<div
  aria-label="Numa nodes"
  class="numa-card p-card"
>
  <div
    class="p-card__content"
  >
    <div
      class="u-sv1 p-muted-heading"
    >
      1 NUMA node
    </div>
    <ul
      aria-label="Numa nodes list"
      class="u-no-margin--bottom  p-list--divided p-list"
    >
      <li
        class="numa-card__list p-list__item"
      >
        <span>
          Node 
          2
        </span>
        <ul
          class="p-list--labelled p-list"
        >
          <li
            class="p-list__item"
          >
            <div
              class="p-list__item-label"
            >
              CPU cores
            </div>
            <div
              class="p-list__item-value"
            >
              <span>
                0
              </span>
            </div>
          </li>
          <li
            class="p-list__item"
          >
            <div
              class="p-list__item-label"
            >
              Memory
            </div>
            <div
              class="p-list__item-value"
            >
              256 MiB
            </div>
          </li>
          <li
            class="p-list__item"
          >
            <div
              class="p-list__item-label"
            >
              Storage
            </div>
            <div
              class="p-list__item-value"
            >
              0 B over 0 disks
            </div>
          </li>
          <li
            class="p-list__item"
          >
            <div
              class="p-list__item-label"
            >
              Network
            </div>
            <div
              class="p-list__item-value"
            >
              0 interfaces
            </div>
          </li>
        </ul>
      </li>
    </ul>
  </div>
</div>
`;
