// Jest Snapshot v1, https://goo.gl/fbAQLP

exports[`MachineTests renders 1`] = `
<Provider
  store={
    Object {
      "clearActions": [Function],
      "dispatch": [Function],
      "getActions": [Function],
      "getState": [Function],
      "replaceReducer": [Function],
      "subscribe": [Function],
    }
  }
>
  <MemoryRouter
    initialEntries={
      Array [
        Object {
          "key": "testKey",
          "pathname": "/machine/abc123",
        },
      ]
    }
  >
    <Router
      history={
        Object {
          "action": "POP",
          "block": [Function],
          "canGo": [Function],
          "createHref": [Function],
          "entries": Array [
            Object {
              "hash": "",
              "key": "testKey",
              "pathname": "/machine/abc123",
              "search": "",
            },
          ],
          "go": [Function],
          "goBack": [Function],
          "goForward": [Function],
          "index": 0,
          "length": 1,
          "listen": [Function],
          "location": Object {
            "hash": "",
            "key": "testKey",
            "pathname": "/machine/abc123",
            "search": "",
          },
          "push": [Function],
          "replace": [Function],
        }
      }
    >
      <MachineTests>
        <Spinner
          text="Loading..."
        >
          <span
            className="p-text--default"
          >
            <i
              className="p-icon--spinner u-animation--spin"
            />
             
            <span>
              Loading...
            </span>
          </span>
        </Spinner>
      </MachineTests>
    </Router>
  </MemoryRouter>
</Provider>
`;
