// Jest Snapshot v1, https://goo.gl/fbAQLP

exports[`NameColumn renders 1`] = `
<NameColumn
  systemId="abc123"
>
  <DoubleRow
    primary={
      <a
        href="/#/undefined/abc123"
      >
        <strong>
          koala
        </strong>
        <small>
          .
          example
        </small>
      </a>
    }
  >
    <div
      className="p-double-row"
    >
      <div
        className="p-double-row__rows-container"
      >
        <div
          className="p-double-row__primary-row"
        >
          <div
            className="p-double-row__primary-row-text u-truncate"
          >
            <a
              href="/#/undefined/abc123"
            >
              <strong>
                koala
              </strong>
              <small>
                .
                example
              </small>
            </a>
          </div>
        </div>
      </div>
    </div>
  </DoubleRow>
</NameColumn>
`;
